============================================================
   Tang Dynasty, V5.6.71036
      Copyright (c) 2012-2023 Anlogic Inc.
   Executable = D:/Anlogic/bin/td.exe
   Built at =   20:34:38 Mar 21 2023
   Run by =     lkin
   Run Date =   Mon Feb  2 13:52:28 2026

   Run on =     LAPTOP-90SJ6A72
============================================================
RUN-1001 : open_run phy_1.
RUN-1002 : start command "import_db C:/Users/lkin/Desktop/DaChuang/Code/td_prj/DaChuang_Runs/phy_1/DaChuang_pr.db"
RUN-1001 : Importing database generated by Tang Dynasty, V5.6.71036.
RUN-1001 : Database version number 46146.
RUN-1001 : Import flow parameters
PHY-1001 : Generate detailed routing grids ...
PHY-1001 : Generate nets ...
PHY-1001 : net u_radar_top/u_hc_sr04/clk will be routed on clock mesh
PHY-1001 : clock net config_inst_syn_10 will be merged with clock config_inst_syn_9
PHY-1001 : eco open net = 0
PHY-1001 : 14 feed throughs used by 13 nets
RUN-1001 : Import IO constraints
RUN-1001 : Import Inst constraints
RUN-1001 : Import ChipWatcher
RUN-1001 : Import design success TD_VERSION=5.6.71036 , DB_VERSION=46146
RUN-1003 : finish command "import_db C:/Users/lkin/Desktop/DaChuang/Code/td_prj/DaChuang_Runs/phy_1/DaChuang_pr.db" in  3.913209s wall, 2.156250s user + 0.093750s system = 2.250000s CPU (57.5%)

RUN-1004 : used memory is 576 MB, reserved memory is 542 MB, peak memory is 621 MB
RUN-1002 : start command "download -bit DaChuang_Runs\phy_1\DaChuang.bit -mode program_spi -v -spd 7 -sec 64 -cable 0 -flashsize 128"
PRG-2014 : Chip validation success: EAGLE_S20_BG256
PRG-1001 : SPI Flash ID is:  ef
RUN-1002 : start command "bit_to_vec -chip EAGLE_S20_BG256 -m program_spi -freq 4 -bit DaChuang_Runs/phy_1/DaChuang.bit"
RUN-1003 : finish command "bit_to_vec -chip EAGLE_S20_BG256 -m program_spi -freq 4 -bit DaChuang_Runs/phy_1/DaChuang.bit" in  1.322150s wall, 0.937500s user + 0.125000s system = 1.062500s CPU (80.4%)

RUN-1004 : used memory is 972 MB, reserved memory is 929 MB, peak memory is 983 MB
RUN-1002 : start command "program_spi -cable 0 -spd 7"
RUN-1003 : finish command "program_spi -cable 0 -spd 7" in  86.656367s wall, 15.312500s user + 0.031250s system = 15.343750s CPU (17.7%)

RUN-1004 : used memory is 971 MB, reserved memory is 927 MB, peak memory is 983 MB
RUN-1002 : start command "bit_to_vec -chip EAGLE_S20_BG256 -m verify_spi -freq 4 -bit DaChuang_Runs/phy_1/DaChuang.bit"
RUN-1002 : start command "program -cable 0 -spd 4"
RUN-1003 : finish command "program -cable 0 -spd 4" in  25.580126s wall, 0.000000s user + 0.062500s system = 0.062500s CPU (0.2%)

RUN-1004 : used memory is 780 MB, reserved memory is 728 MB, peak memory is 983 MB
RUN-1003 : finish command "download -bit DaChuang_Runs\phy_1\DaChuang.bit -mode program_spi -v -spd 7 -sec 64 -cable 0 -flashsize 128" in  117.997126s wall, 17.312500s user + 0.218750s system = 17.531250s CPU (14.9%)

RUN-1004 : used memory is 780 MB, reserved memory is 728 MB, peak memory is 983 MB
GUI-1001 : Downloading succeeded!
HDL-1007 : analyze verilog file ../rtl/radar_top.v
RUN-1001 : reset_run syn_1 phy_1.
GUI-6001 WARNING: File C:/Users/lkin/Desktop/DaChuang/Code/td_prj/DaChuang_Runs/phy_1/DaChuang.bit does not exist!
RUN-1001 : launch_runs syn_1 phy_1  -jobs 6.
RUN-1001 : syn_1: run complete.
RUN-1001 : phy_1: run complete.
RUN-1001 : open_run phy_1.
RUN-1002 : start command "import_db C:/Users/lkin/Desktop/DaChuang/Code/td_prj/DaChuang_Runs/phy_1/DaChuang_pr.db"
RUN-1001 : Importing database generated by Tang Dynasty, V5.6.71036.
RUN-1001 : Database version number 46146.
RUN-1001 : Import flow parameters
PHY-1001 : Generate detailed routing grids ...
PHY-1001 : Generate nets ...
PHY-1001 : net u_radar_top/u_hc_sr04/clk will be routed on clock mesh
PHY-1001 : clock net config_inst_syn_10 will be merged with clock config_inst_syn_9
PHY-1001 : eco open net = 0
PHY-1001 : 4 feed throughs used by 4 nets
RUN-1001 : Import IO constraints
RUN-1001 : Import Inst constraints
RUN-1001 : Import ChipWatcher
RUN-1001 : Import design success TD_VERSION=5.6.71036 , DB_VERSION=46146
RUN-1003 : finish command "import_db C:/Users/lkin/Desktop/DaChuang/Code/td_prj/DaChuang_Runs/phy_1/DaChuang_pr.db" in  2.048862s wall, 0.671875s user + 0.015625s system = 0.687500s CPU (33.6%)

RUN-1004 : used memory is 649 MB, reserved memory is 734 MB, peak memory is 983 MB
RUN-1002 : start command "download -bit DaChuang_Runs\phy_1\DaChuang.bit -mode jtag -spd 7 -sec 64 -cable 0"
PRG-2014 : Chip validation success: EAGLE_S20_BG256
RUN-1002 : start command "bit_to_vec -chip EAGLE_S20_BG256 -m jtag_burst -freq 4 -bit DaChuang_Runs/phy_1/DaChuang.bit"
RUN-1002 : start command "program -cable 0 -mode svf -spd 7 -p"
RUN-1003 : finish command "program -cable 0 -mode svf -spd 7 -p" in  6.326819s wall, 0.015625s user + 0.015625s system = 0.031250s CPU (0.5%)

RUN-1004 : used memory is 701 MB, reserved memory is 770 MB, peak memory is 983 MB
RUN-1003 : finish command "download -bit DaChuang_Runs\phy_1\DaChuang.bit -mode jtag -spd 7 -sec 64 -cable 0" in  6.536224s wall, 0.031250s user + 0.015625s system = 0.046875s CPU (0.7%)

RUN-1004 : used memory is 701 MB, reserved memory is 770 MB, peak memory is 983 MB
GUI-1001 : Downloading succeeded!
RUN-1002 : start command "download -bit DaChuang_Runs\phy_1\DaChuang.bit -mode program_spi -v -spd 7 -sec 64 -cable 0 -flashsize 128"
PRG-2014 : Chip validation success: EAGLE_S20_BG256
PRG-1001 : SPI Flash ID is:  ef
RUN-1002 : start command "bit_to_vec -chip EAGLE_S20_BG256 -m program_spi -freq 4 -bit DaChuang_Runs/phy_1/DaChuang.bit"
RUN-1003 : finish command "bit_to_vec -chip EAGLE_S20_BG256 -m program_spi -freq 4 -bit DaChuang_Runs/phy_1/DaChuang.bit" in  1.487906s wall, 0.218750s user + 0.015625s system = 0.234375s CPU (15.8%)

RUN-1004 : used memory is 877 MB, reserved memory is 944 MB, peak memory is 983 MB
RUN-1002 : start command "program_spi -cable 0 -spd 7"
RUN-1003 : finish command "program_spi -cable 0 -spd 7" in  101.293429s wall, 0.015625s user + 0.031250s system = 0.046875s CPU (0.0%)

RUN-1004 : used memory is 874 MB, reserved memory is 943 MB, peak memory is 983 MB
RUN-1002 : start command "bit_to_vec -chip EAGLE_S20_BG256 -m verify_spi -freq 4 -bit DaChuang_Runs/phy_1/DaChuang.bit"
RUN-1002 : start command "program -cable 0 -spd 4"
RUN-1003 : finish command "program -cable 0 -spd 4" in  26.493949s wall, 0.000000s user + 0.000000s system = 0.000000s CPU (n/a%)

RUN-1004 : used memory is 683 MB, reserved memory is 745 MB, peak memory is 983 MB
RUN-1003 : finish command "download -bit DaChuang_Runs\phy_1\DaChuang.bit -mode program_spi -v -spd 7 -sec 64 -cable 0 -flashsize 128" in  133.784515s wall, 1.250000s user + 0.093750s system = 1.343750s CPU (1.0%)

RUN-1004 : used memory is 683 MB, reserved memory is 745 MB, peak memory is 983 MB
GUI-1001 : Downloading succeeded!
