============================================================
   Tang Dynasty, V5.6.71036
      Copyright (c) 2012-2023 Anlogic Inc.
   Executable = D:/Anlogic/bin/td.exe
   Built at =   20:34:38 Mar 21 2023
   Run by =     lkin
   Run Date =   Sun Feb  1 11:12:54 2026

   Run on =     LAPTOP-90SJ6A72
============================================================
RUN-1001 : open_run phy_1.
RUN-1002 : start command "import_db C:/Users/lkin/Desktop/DaChuang/Code/td_prj/DaChuang_Runs/phy_1/DaChuang_pr.db"
RUN-1001 : Importing database generated by Tang Dynasty, V5.6.71036.
RUN-1001 : Database version number 46146.
RUN-1001 : Import flow parameters
PHY-1001 : Generate detailed routing grids ...
PHY-1001 : Generate nets ...
PHY-1001 : net u_hc_sr04/clk will be routed on clock mesh
PHY-1001 : clock net config_inst_syn_10 will be merged with clock config_inst_syn_9
PHY-1001 : eco open net = 0
PHY-1001 : 0 feed throughs used by 0 nets
RUN-1001 : Import IO constraints
RUN-1001 : Import Inst constraints
RUN-1001 : Import ChipWatcher
RUN-1001 : Import design success TD_VERSION=5.6.71036 , DB_VERSION=46146
RUN-1003 : finish command "import_db C:/Users/lkin/Desktop/DaChuang/Code/td_prj/DaChuang_Runs/phy_1/DaChuang_pr.db" in  2.890950s wall, 1.390625s user + 0.031250s system = 1.421875s CPU (49.2%)

RUN-1004 : used memory is 522 MB, reserved memory is 475 MB, peak memory is 563 MB
RUN-1001 : reset_run syn_1 phy_1.
RUN-1001 : launch_runs syn_1 phy_1  -jobs 6.
RUN-1001 : syn_1: run complete.
RUN-1001 : phy_1: run complete.
RUN-1001 : open_run phy_1.
RUN-1002 : start command "import_db C:/Users/lkin/Desktop/DaChuang/Code/td_prj/DaChuang_Runs/phy_1/DaChuang_pr.db"
RUN-1001 : Importing database generated by Tang Dynasty, V5.6.71036.
RUN-1001 : Database version number 46146.
RUN-1001 : Import flow parameters
PHY-1001 : Generate detailed routing grids ...
PHY-1001 : Generate nets ...
PHY-1001 : net u_hc_sr04/clk will be routed on clock mesh
PHY-1001 : clock net config_inst_syn_10 will be merged with clock config_inst_syn_9
PHY-1001 : eco open net = 0
PHY-1001 : 4 feed throughs used by 4 nets
RUN-1001 : Import IO constraints
RUN-1001 : Import Inst constraints
RUN-1001 : Import ChipWatcher
RUN-1001 : Import design success TD_VERSION=5.6.71036 , DB_VERSION=46146
RUN-1002 : start command "download -bit DaChuang_Runs\phy_1\DaChuang.bit -mode jtag -spd 7 -sec 64 -cable 0"
PRG-2014 : Chip validation success: EAGLE_S20_BG256
RUN-1002 : start command "bit_to_vec -chip EAGLE_S20_BG256 -m jtag_burst -freq 4 -bit DaChuang_Runs/phy_1/DaChuang.bit"
RUN-1002 : start command "program -cable 0 -mode svf -spd 7 -p"
RUN-1003 : finish command "program -cable 0 -mode svf -spd 7 -p" in  6.334900s wall, 0.031250s user + 0.000000s system = 0.031250s CPU (0.5%)

RUN-1004 : used memory is 636 MB, reserved memory is 565 MB, peak memory is 651 MB
RUN-1003 : finish command "download -bit DaChuang_Runs\phy_1\DaChuang.bit -mode jtag -spd 7 -sec 64 -cable 0" in  6.528144s wall, 0.093750s user + 0.000000s system = 0.093750s CPU (1.4%)

RUN-1004 : used memory is 636 MB, reserved memory is 565 MB, peak memory is 651 MB
GUI-1001 : Downloading succeeded!
HDL-1007 : analyze verilog file ../rtl/radar_top.v
HDL-1007 : analyze verilog file ../rtl/sg90.v
RUN-1001 : reset_run syn_1 phy_1.
GUI-6001 WARNING: File C:/Users/lkin/Desktop/DaChuang/Code/td_prj/DaChuang_Runs/phy_1/DaChuang.bit does not exist!
RUN-1001 : launch_runs syn_1 phy_1  -jobs 6.
RUN-1001 : syn_1: run complete.
RUN-1001 : phy_1: run complete.
RUN-1001 : open_run phy_1.
RUN-1002 : start command "import_db C:/Users/lkin/Desktop/DaChuang/Code/td_prj/DaChuang_Runs/phy_1/DaChuang_pr.db"
RUN-1001 : Importing database generated by Tang Dynasty, V5.6.71036.
RUN-1001 : Database version number 46146.
RUN-1001 : Import flow parameters
PHY-1001 : Generate detailed routing grids ...
PHY-1001 : Generate nets ...
PHY-1001 : net u_hc_sr04/clk will be routed on clock mesh
PHY-1001 : clock net config_inst_syn_10 will be merged with clock config_inst_syn_9
PHY-1001 : eco open net = 0
PHY-1001 : 7 feed throughs used by 7 nets
RUN-1001 : Import IO constraints
RUN-1001 : Import Inst constraints
RUN-1001 : Import ChipWatcher
RUN-1001 : Import design success TD_VERSION=5.6.71036 , DB_VERSION=46146
GUI-5004 WARNING: start_en has not been assigned a location ...
RUN-1001 : reset_run syn_1 phy_1.
GUI-6001 WARNING: File C:/Users/lkin/Desktop/DaChuang/Code/td_prj/DaChuang_Runs/phy_1/DaChuang.bit does not exist!
RUN-1001 : launch_runs syn_1 phy_1  -jobs 6.
RUN-1001 : syn_1: run complete.
RUN-1001 : phy_1: run complete.
RUN-1001 : open_run phy_1.
RUN-1002 : start command "import_db C:/Users/lkin/Desktop/DaChuang/Code/td_prj/DaChuang_Runs/phy_1/DaChuang_pr.db"
RUN-1001 : Importing database generated by Tang Dynasty, V5.6.71036.
RUN-1001 : Database version number 46146.
RUN-1001 : Import flow parameters
PHY-1001 : Generate detailed routing grids ...
PHY-1001 : Generate nets ...
PHY-1001 : net u_hc_sr04/clk will be routed on clock mesh
PHY-1001 : clock net config_inst_syn_10 will be merged with clock config_inst_syn_9
PHY-1001 : eco open net = 0
PHY-1001 : 10 feed throughs used by 9 nets
RUN-1001 : Import IO constraints
RUN-1001 : Import Inst constraints
RUN-1001 : Import ChipWatcher
RUN-1001 : Import design success TD_VERSION=5.6.71036 , DB_VERSION=46146
RUN-1002 : start command "download -bit DaChuang_Runs\phy_1\DaChuang.bit -mode jtag -spd 7 -sec 64 -cable 0"
PRG-2014 : Chip validation success: EAGLE_S20_BG256
RUN-1002 : start command "bit_to_vec -chip EAGLE_S20_BG256 -m jtag_burst -freq 4 -bit DaChuang_Runs/phy_1/DaChuang.bit"
RUN-1002 : start command "program -cable 0 -mode svf -spd 7 -p"
RUN-1003 : finish command "program -cable 0 -mode svf -spd 7 -p" in  6.356884s wall, 0.000000s user + 0.031250s system = 0.031250s CPU (0.5%)

RUN-1004 : used memory is 662 MB, reserved memory is 595 MB, peak memory is 679 MB
RUN-1003 : finish command "download -bit DaChuang_Runs\phy_1\DaChuang.bit -mode jtag -spd 7 -sec 64 -cable 0" in  6.552215s wall, 0.031250s user + 0.046875s system = 0.078125s CPU (1.2%)

RUN-1004 : used memory is 662 MB, reserved memory is 595 MB, peak memory is 679 MB
GUI-1001 : Downloading succeeded!
RUN-1002 : start command "download -bit DaChuang_Runs\phy_1\DaChuang.bit -mode jtag -spd 7 -sec 64 -cable 0"
PRG-2014 : Chip validation success: EAGLE_S20_BG256
RUN-1002 : start command "bit_to_vec -chip EAGLE_S20_BG256 -m jtag_burst -freq 4 -bit DaChuang_Runs/phy_1/DaChuang.bit"
RUN-1002 : start command "program -cable 0 -mode svf -spd 7 -p"
RUN-1003 : finish command "program -cable 0 -mode svf -spd 7 -p" in  6.359594s wall, 0.000000s user + 0.000000s system = 0.000000s CPU (n/a%)

RUN-1004 : used memory is 427 MB, reserved memory is 596 MB, peak memory is 679 MB
RUN-1003 : finish command "download -bit DaChuang_Runs\phy_1\DaChuang.bit -mode jtag -spd 7 -sec 64 -cable 0" in  6.562980s wall, 0.046875s user + 0.000000s system = 0.046875s CPU (0.7%)

RUN-1004 : used memory is 427 MB, reserved memory is 596 MB, peak memory is 679 MB
GUI-1001 : Downloading succeeded!
RUN-1001 : Print Global Property
RUN-1001 : ---------------------------------------------------------------
RUN-1001 :        Parameters        |  Settings  |  Default Values  |  Note  
RUN-1001 : ---------------------------------------------------------------
RUN-1001 :          message         |  standard  |     standard     |        
RUN-1001 :   mixed_pack_place_flow  |     on     |        on        |        
RUN-1001 :        qor_monitor       |    off     |       off        |        
RUN-1001 :        syn_ip_flow       |    off     |       off        |        
RUN-1001 :          thread          |    auto    |       auto       |        
RUN-1001 : ---------------------------------------------------------------
RUN-1001 : Print Design Property
RUN-1001 : --------------------------------------------------------------
RUN-1001 :        Parameters       |  Settings  |  Default Values  |  Note  
RUN-1001 : --------------------------------------------------------------
RUN-1001 :   default_reg_initial   |    auto    |       auto       |        
RUN-1001 :        infer_add        |     on     |        on        |        
RUN-1001 :        infer_fsm        |    off     |       off        |        
RUN-1001 :        infer_mult       |     on     |        on        |        
RUN-1001 :        infer_ram        |     on     |        on        |        
RUN-1001 :        infer_reg        |     on     |        on        |        
RUN-1001 :   infer_reg_init_value  |     on     |        on        |        
RUN-1001 :        infer_rom        |     on     |        on        |        
RUN-1001 :      infer_shifter      |     on     |        on        |        
RUN-1001 : --------------------------------------------------------------
RUN-1001 : Print Rtl Property
RUN-1001 : --------------------------------------------------------------
RUN-1001 :        Parameters       |  Settings  |  Default Values  |  Note  
RUN-1001 : --------------------------------------------------------------
RUN-1001 :       compress_add      |   ripple   |      ripple      |        
RUN-1001 :        elf_sload        |    off     |       off        |        
RUN-1001 :       fix_undriven      |     0      |        0         |        
RUN-1001 :         flatten         |    off     |       off        |        
RUN-1001 :       gate_sharing      |     on     |        on        |        
RUN-1001 :    hdl_warning_level    |   normal   |      normal      |        
RUN-1001 :   impl_internal_tribuf  |     on     |        on        |        
RUN-1001 :      impl_set_reset     |     on     |        on        |        
RUN-1001 :        infer_gsr        |    off     |       off        |        
RUN-1001 :      keep_hierarchy     |    auto    |       auto       |        
RUN-1001 :        max_fanout       |    9999    |       9999       |        
RUN-1001 :      max_oh2bin_len     |     10     |        10        |        
RUN-1001 :       merge_equal       |     on     |        on        |        
RUN-1001 :       merge_equiv       |     on     |        on        |        
RUN-1001 :        merge_mux        |    off     |       off        |        
RUN-1001 :     min_control_set     |     8      |        8         |        
RUN-1001 :      min_ripple_len     |    auto    |       auto       |        
RUN-1001 :       oh2bin_ratio      |    0.08    |       0.08       |        
RUN-1001 :     opt_adder_fanout    |     on     |        on        |        
RUN-1001 :        opt_arith        |     on     |        on        |        
RUN-1001 :       opt_big_gate      |    off     |       off        |        
RUN-1001 :        opt_const        |     on     |        on        |        
RUN-1001 :      opt_const_mult     |     on     |        on        |        
RUN-1001 :       opt_lessthan      |     on     |        on        |        
RUN-1001 :         opt_mux         |    off     |       off        |        
RUN-1001 :         opt_ram         |    high    |       high       |        
RUN-1001 :      rtl_sim_model      |    off     |       off        |        
RUN-1001 :         seq_syn         |     on     |        on        |        
RUN-1001 : --------------------------------------------------------------
HDL-1007 : analyze verilog file ../rtl/HC_SR04.v
HDL-1007 : analyze verilog file ../rtl/uart_tx.v
HDL-1007 : analyze verilog file ../rtl/radar_top.v
HDL-1007 : analyze verilog file ../rtl/sg90.v
HDL-1007 : analyze verilog file ../rtl/uart_rx.v
HDL-1007 : analyze verilog file ../rtl/radar_top_auto.v
RUN-1001 : reset_run syn_1 phy_1.
GUI-6001 WARNING: File C:/Users/lkin/Desktop/DaChuang/Code/td_prj/DaChuang_Runs/phy_1/DaChuang.bit does not exist!
RUN-1001 : launch_runs syn_1 phy_1  -jobs 6.
RUN-6001 WARNING: syn_1: run failed.
RUN-1001 : open_run syn_1.
RUN-1002 : start command "import_db C:/Users/lkin/Desktop/DaChuang/Code/td_prj/DaChuang_Runs/syn_1/DaChuang_elaborate.db"
RUN-1001 : Importing database generated by Tang Dynasty, V5.6.71036.
RUN-1001 : Database version number 46146.
RUN-1001 : Import flow parameters
RUN-1001 : Import IO constraints
RUN-1001 : Import Inst constraints
RUN-1001 : Import design success TD_VERSION=5.6.71036 , DB_VERSION=46146
GUI-8402 ERROR: Error found at 'PULLTYPE = PULLUP'.
GUI-8405 ERROR: start_en is not the signal of the project.
RUN-1001 : reset_run syn_1 phy_1.
RUN-1001 : launch_runs syn_1 phy_1  -jobs 6.
RUN-1001 : syn_1: run complete.
RUN-6001 WARNING: phy_1: run failed.
RUN-1001 : open_run syn_1.
RUN-1002 : start command "import_db C:/Users/lkin/Desktop/DaChuang/Code/td_prj/DaChuang_Runs/syn_1/DaChuang_gate.db"
RUN-1001 : Importing database generated by Tang Dynasty, V5.6.71036.
RUN-1001 : Database version number 46146.
RUN-1001 : Import flow parameters
RUN-1001 : Import IO constraints
RUN-1001 : Import Inst constraints
RUN-1001 : Import design success TD_VERSION=5.6.71036 , DB_VERSION=46146
RUN-1002 : start command "config_chipwatcher DaChuang.cwc -dir "
KIT-1004 : ChipWatcher: import watcher inst auto_chipwatcher_0 completed, there are 3 view nodes, 3 trigger nets, 3 data nets.
KIT-1004 : Chipwatcher code = 1101011010000011
KIT-5603 CRITICAL-WARNING: ChipWatcher: data view net uart_tx_done is invalid.
KIT-8447 ERROR: ConfigChipWatcher: Fail to Sync with database ChipWatcher: data view net uart_tx_done is invalid! #22.
GUI-1001 : Import DaChuang.cwc success!
GUI-1001 : User opens ChipWatcher ...
GUI-001 : Delete uart_tx_done successfully
PRG-1000 : <!-- HMAC is: 79f736d236a13b34143af382ea5a9f2f4c8abdc03ac0f6fb8a49fdd8355dd09d -->
GUI-1001 : User closes ChipWatcher ...
RUN-1001 : reset_run syn_1 phy_1.
RUN-1001 : launch_runs syn_1 phy_1  -jobs 6.
RUN-1001 : syn_1: run complete.
RUN-1001 : phy_1: run complete.
RUN-1001 : open_run phy_1.
RUN-1002 : start command "import_db C:/Users/lkin/Desktop/DaChuang/Code/td_prj/DaChuang_Runs/phy_1/DaChuang_pr.db"
RUN-1001 : Importing database generated by Tang Dynasty, V5.6.71036.
RUN-1001 : Database version number 46146.
RUN-1001 : Import flow parameters
PHY-1001 : Generate detailed routing grids ...
PHY-1001 : Generate nets ...
PHY-1001 : net u_radar_top/u_hc_sr04/clk will be routed on clock mesh
PHY-1001 : clock net config_inst_syn_10 will be merged with clock config_inst_syn_9
PHY-1001 : eco open net = 0
PHY-1001 : 7 feed throughs used by 6 nets
RUN-1001 : Import IO constraints
RUN-1001 : Import Inst constraints
RUN-1001 : Import ChipWatcher
RUN-1001 : Import design success TD_VERSION=5.6.71036 , DB_VERSION=46146
RUN-1002 : start command "download -bit DaChuang_Runs\phy_1\DaChuang.bit -mode jtag -spd 7 -sec 64 -cable 0"
PRG-2014 : Chip validation success: EAGLE_S20_BG256
RUN-1002 : start command "bit_to_vec -chip EAGLE_S20_BG256 -m jtag_burst -freq 4 -bit DaChuang_Runs/phy_1/DaChuang.bit"
RUN-1002 : start command "program -cable 0 -mode svf -spd 7 -p"
RUN-1003 : finish command "program -cable 0 -mode svf -spd 7 -p" in  6.333633s wall, 0.031250s user + 0.015625s system = 0.046875s CPU (0.7%)

RUN-1004 : used memory is 613 MB, reserved memory is 620 MB, peak memory is 679 MB
RUN-1003 : finish command "download -bit DaChuang_Runs\phy_1\DaChuang.bit -mode jtag -spd 7 -sec 64 -cable 0" in  6.525378s wall, 0.031250s user + 0.015625s system = 0.046875s CPU (0.7%)

RUN-1004 : used memory is 613 MB, reserved memory is 620 MB, peak memory is 679 MB
GUI-1001 : Downloading succeeded!
HDL-1007 : analyze verilog file ../rtl/radar_top.v
RUN-1001 : reset_run syn_1 phy_1.
GUI-6001 WARNING: File C:/Users/lkin/Desktop/DaChuang/Code/td_prj/DaChuang_Runs/phy_1/DaChuang.bit does not exist!
RUN-1001 : launch_runs syn_1 phy_1  -jobs 6.
RUN-1001 : syn_1: run complete.
RUN-1001 : phy_1: run complete.
RUN-1001 : open_run phy_1.
RUN-1002 : start command "import_db C:/Users/lkin/Desktop/DaChuang/Code/td_prj/DaChuang_Runs/phy_1/DaChuang_pr.db"
RUN-1001 : Importing database generated by Tang Dynasty, V5.6.71036.
RUN-1001 : Database version number 46146.
RUN-1001 : Import flow parameters
PHY-1001 : Generate detailed routing grids ...
PHY-1001 : Generate nets ...
PHY-1001 : net u_radar_top/u_hc_sr04/clk will be routed on clock mesh
PHY-1001 : clock net config_inst_syn_10 will be merged with clock config_inst_syn_9
PHY-1001 : eco open net = 0
PHY-1001 : 4 feed throughs used by 4 nets
RUN-1001 : Import IO constraints
RUN-1001 : Import Inst constraints
RUN-1001 : Import ChipWatcher
RUN-1001 : Import design success TD_VERSION=5.6.71036 , DB_VERSION=46146
RUN-1002 : start command "download -bit DaChuang_Runs\phy_1\DaChuang.bit -mode jtag -spd 7 -sec 64 -cable 0"
PRG-2014 : Chip validation success: EAGLE_S20_BG256
RUN-1002 : start command "bit_to_vec -chip EAGLE_S20_BG256 -m jtag_burst -freq 4 -bit DaChuang_Runs/phy_1/DaChuang.bit"
RUN-1002 : start command "program -cable 0 -mode svf -spd 7 -p"
RUN-1003 : finish command "program -cable 0 -mode svf -spd 7 -p" in  6.350947s wall, 0.000000s user + 0.000000s system = 0.000000s CPU (n/a%)

RUN-1004 : used memory is 637 MB, reserved memory is 638 MB, peak memory is 679 MB
RUN-1003 : finish command "download -bit DaChuang_Runs\phy_1\DaChuang.bit -mode jtag -spd 7 -sec 64 -cable 0" in  6.542653s wall, 0.031250s user + 0.000000s system = 0.031250s CPU (0.5%)

RUN-1004 : used memory is 637 MB, reserved memory is 638 MB, peak memory is 679 MB
GUI-1001 : Downloading succeeded!
HDL-1007 : analyze verilog file ../rtl/radar_top.v
HDL-8007 ERROR: declarations are not allowed in an unnamed block in ../rtl/radar_top.v(267)
HDL-8007 ERROR: ignore module module due to previous errors in ../rtl/radar_top.v(1)
HDL-1007 : Verilog file '../rtl/radar_top.v' ignored due to errors
GUI-5005 WARNING: Unknown file icon ...
HDL-1007 : analyze verilog file ../rtl/radar_top.v
HDL-8007 ERROR: declarations are not allowed in an unnamed block in ../rtl/radar_top.v(267)
HDL-8007 ERROR: ignore module module due to previous errors in ../rtl/radar_top.v(1)
HDL-1007 : Verilog file '../rtl/radar_top.v' ignored due to errors
HDL-1007 : analyze verilog file ../rtl/radar_top.v
RUN-1001 : reset_run syn_1 phy_1.
GUI-6001 WARNING: File C:/Users/lkin/Desktop/DaChuang/Code/td_prj/DaChuang_Runs/phy_1/DaChuang.bit does not exist!
RUN-1001 : launch_runs syn_1 phy_1  -jobs 6.
RUN-1001 : syn_1: run complete.
RUN-1001 : phy_1: run complete.
RUN-1001 : open_run phy_1.
RUN-1002 : start command "import_db C:/Users/lkin/Desktop/DaChuang/Code/td_prj/DaChuang_Runs/phy_1/DaChuang_pr.db"
RUN-1001 : Importing database generated by Tang Dynasty, V5.6.71036.
RUN-1001 : Database version number 46146.
RUN-1001 : Import flow parameters
PHY-1001 : Generate detailed routing grids ...
PHY-1001 : Generate nets ...
PHY-1001 : net u_radar_top/u_hc_sr04/clk will be routed on clock mesh
PHY-1001 : clock net config_inst_syn_10 will be merged with clock config_inst_syn_9
PHY-1001 : eco open net = 0
PHY-1001 : 7 feed throughs used by 6 nets
RUN-1001 : Import IO constraints
RUN-1001 : Import Inst constraints
RUN-1001 : Import ChipWatcher
RUN-1001 : Import design success TD_VERSION=5.6.71036 , DB_VERSION=46146
RUN-1002 : start command "download -bit DaChuang_Runs\phy_1\DaChuang.bit -mode jtag -spd 7 -sec 64 -cable 0"
PRG-2014 : Chip validation success: EAGLE_S20_BG256
RUN-1002 : start command "bit_to_vec -chip EAGLE_S20_BG256 -m jtag_burst -freq 4 -bit DaChuang_Runs/phy_1/DaChuang.bit"
RUN-1002 : start command "program -cable 0 -mode svf -spd 7 -p"
RUN-1003 : finish command "program -cable 0 -mode svf -spd 7 -p" in  6.346304s wall, 0.000000s user + 0.015625s system = 0.015625s CPU (0.2%)

RUN-1004 : used memory is 649 MB, reserved memory is 649 MB, peak memory is 679 MB
RUN-1003 : finish command "download -bit DaChuang_Runs\phy_1\DaChuang.bit -mode jtag -spd 7 -sec 64 -cable 0" in  6.543049s wall, 0.031250s user + 0.015625s system = 0.046875s CPU (0.7%)

RUN-1004 : used memory is 649 MB, reserved memory is 649 MB, peak memory is 679 MB
GUI-1001 : Downloading succeeded!
HDL-1007 : analyze verilog file ../rtl/radar_top.v
RUN-1001 : reset_run syn_1 phy_1.
GUI-6001 WARNING: File C:/Users/lkin/Desktop/DaChuang/Code/td_prj/DaChuang_Runs/phy_1/DaChuang.bit does not exist!
RUN-1001 : launch_runs syn_1 phy_1  -jobs 6.
RUN-1001 : syn_1: run complete.
RUN-1001 : phy_1: run complete.
RUN-1001 : open_run phy_1.
RUN-1002 : start command "import_db C:/Users/lkin/Desktop/DaChuang/Code/td_prj/DaChuang_Runs/phy_1/DaChuang_pr.db"
RUN-1001 : Importing database generated by Tang Dynasty, V5.6.71036.
RUN-1001 : Database version number 46146.
RUN-1001 : Import flow parameters
PHY-1001 : Generate detailed routing grids ...
PHY-1001 : Generate nets ...
PHY-1001 : net u_radar_top/u_hc_sr04/clk will be routed on clock mesh
PHY-1001 : clock net config_inst_syn_10 will be merged with clock config_inst_syn_9
PHY-1001 : eco open net = 0
PHY-1001 : 7 feed throughs used by 5 nets
RUN-1001 : Import IO constraints
RUN-1001 : Import Inst constraints
RUN-1001 : Import ChipWatcher
RUN-1001 : Import design success TD_VERSION=5.6.71036 , DB_VERSION=46146
RUN-1002 : start command "download -bit DaChuang_Runs\phy_1\DaChuang.bit -mode jtag -spd 7 -sec 64 -cable 0"
PRG-2014 : Chip validation success: EAGLE_S20_BG256
RUN-1002 : start command "bit_to_vec -chip EAGLE_S20_BG256 -m jtag_burst -freq 4 -bit DaChuang_Runs/phy_1/DaChuang.bit"
RUN-1002 : start command "program -cable 0 -mode svf -spd 7 -p"
RUN-1003 : finish command "program -cable 0 -mode svf -spd 7 -p" in  6.359321s wall, 0.046875s user + 0.015625s system = 0.062500s CPU (1.0%)

RUN-1004 : used memory is 625 MB, reserved memory is 626 MB, peak memory is 679 MB
RUN-1003 : finish command "download -bit DaChuang_Runs\phy_1\DaChuang.bit -mode jtag -spd 7 -sec 64 -cable 0" in  6.556628s wall, 0.078125s user + 0.015625s system = 0.093750s CPU (1.4%)

RUN-1004 : used memory is 625 MB, reserved memory is 626 MB, peak memory is 679 MB
GUI-1001 : Downloading succeeded!
HDL-1007 : analyze verilog file ../rtl/radar_top.v
RUN-1001 : reset_run syn_1 phy_1.
GUI-6001 WARNING: File C:/Users/lkin/Desktop/DaChuang/Code/td_prj/DaChuang_Runs/phy_1/DaChuang.bit does not exist!
RUN-1001 : launch_runs syn_1 phy_1  -jobs 6.
RUN-1001 : syn_1: run complete.
RUN-1001 : phy_1: run complete.
RUN-1001 : open_run phy_1.
RUN-1002 : start command "import_db C:/Users/lkin/Desktop/DaChuang/Code/td_prj/DaChuang_Runs/phy_1/DaChuang_pr.db"
RUN-1001 : Importing database generated by Tang Dynasty, V5.6.71036.
RUN-1001 : Database version number 46146.
RUN-1001 : Import flow parameters
PHY-1001 : Generate detailed routing grids ...
PHY-1001 : Generate nets ...
PHY-1001 : net u_radar_top/u_hc_sr04/clk will be routed on clock mesh
PHY-1001 : clock net config_inst_syn_10 will be merged with clock config_inst_syn_9
PHY-1001 : eco open net = 0
PHY-1001 : 7 feed throughs used by 6 nets
RUN-1001 : Import IO constraints
RUN-1001 : Import Inst constraints
RUN-1001 : Import ChipWatcher
RUN-1001 : Import design success TD_VERSION=5.6.71036 , DB_VERSION=46146
RUN-1002 : start command "download -bit DaChuang_Runs\phy_1\DaChuang.bit -mode jtag -spd 7 -sec 64 -cable 0"
PRG-2014 : Chip validation success: EAGLE_S20_BG256
RUN-1002 : start command "bit_to_vec -chip EAGLE_S20_BG256 -m jtag_burst -freq 4 -bit DaChuang_Runs/phy_1/DaChuang.bit"
RUN-1002 : start command "program -cable 0 -mode svf -spd 7 -p"
RUN-1003 : finish command "program -cable 0 -mode svf -spd 7 -p" in  6.364247s wall, 0.015625s user + 0.031250s system = 0.046875s CPU (0.7%)

RUN-1004 : used memory is 657 MB, reserved memory is 663 MB, peak memory is 679 MB
RUN-1003 : finish command "download -bit DaChuang_Runs\phy_1\DaChuang.bit -mode jtag -spd 7 -sec 64 -cable 0" in  6.561920s wall, 0.078125s user + 0.031250s system = 0.109375s CPU (1.7%)

RUN-1004 : used memory is 657 MB, reserved memory is 663 MB, peak memory is 679 MB
GUI-1001 : Downloading succeeded!
HDL-1007 : analyze verilog file ../rtl/radar_top.v
RUN-1001 : reset_run syn_1 phy_1.
GUI-6001 WARNING: File C:/Users/lkin/Desktop/DaChuang/Code/td_prj/DaChuang_Runs/phy_1/DaChuang.bit does not exist!
RUN-1001 : launch_runs syn_1 phy_1  -jobs 6.
RUN-1001 : syn_1: run complete.
RUN-1001 : phy_1: run complete.
RUN-1001 : open_run phy_1.
RUN-1002 : start command "import_db C:/Users/lkin/Desktop/DaChuang/Code/td_prj/DaChuang_Runs/phy_1/DaChuang_pr.db"
RUN-1001 : Importing database generated by Tang Dynasty, V5.6.71036.
RUN-1001 : Database version number 46146.
RUN-1001 : Import flow parameters
PHY-1001 : Generate detailed routing grids ...
PHY-1001 : Generate nets ...
PHY-1001 : net u_radar_top/u_hc_sr04/clk will be routed on clock mesh
PHY-1001 : clock net config_inst_syn_10 will be merged with clock config_inst_syn_9
PHY-1001 : eco open net = 0
PHY-1001 : 7 feed throughs used by 7 nets
RUN-1001 : Import IO constraints
RUN-1001 : Import Inst constraints
RUN-1001 : Import ChipWatcher
RUN-1001 : Import design success TD_VERSION=5.6.71036 , DB_VERSION=46146
RUN-1002 : start command "download -bit DaChuang_Runs\phy_1\DaChuang.bit -mode jtag -spd 7 -sec 64 -cable 0"
PRG-2014 : Chip validation success: EAGLE_S20_BG256
RUN-1002 : start command "bit_to_vec -chip EAGLE_S20_BG256 -m jtag_burst -freq 4 -bit DaChuang_Runs/phy_1/DaChuang.bit"
RUN-1002 : start command "program -cable 0 -mode svf -spd 7 -p"
RUN-1003 : finish command "program -cable 0 -mode svf -spd 7 -p" in  6.334193s wall, 0.046875s user + 0.000000s system = 0.046875s CPU (0.7%)

RUN-1004 : used memory is 591 MB, reserved memory is 662 MB, peak memory is 679 MB
RUN-1003 : finish command "download -bit DaChuang_Runs\phy_1\DaChuang.bit -mode jtag -spd 7 -sec 64 -cable 0" in  6.525885s wall, 0.046875s user + 0.000000s system = 0.046875s CPU (0.7%)

RUN-1004 : used memory is 591 MB, reserved memory is 662 MB, peak memory is 679 MB
GUI-1001 : Downloading succeeded!
HDL-1007 : analyze verilog file ../rtl/radar_top.v
HDL-1007 : analyze verilog file ../rtl/radar_top_auto.v
RUN-1001 : reset_run syn_1 phy_1.
GUI-6001 WARNING: File C:/Users/lkin/Desktop/DaChuang/Code/td_prj/DaChuang_Runs/phy_1/DaChuang.bit does not exist!
RUN-1001 : launch_runs syn_1 phy_1  -jobs 6.
RUN-1001 : syn_1: run complete.
RUN-1001 : phy_1: run complete.
RUN-1001 : open_run phy_1.
RUN-1002 : start command "import_db C:/Users/lkin/Desktop/DaChuang/Code/td_prj/DaChuang_Runs/phy_1/DaChuang_pr.db"
RUN-1001 : Importing database generated by Tang Dynasty, V5.6.71036.
RUN-1001 : Database version number 46146.
RUN-1001 : Import flow parameters
PHY-1001 : Generate detailed routing grids ...
PHY-1001 : Generate nets ...
PHY-1001 : net u_radar_top/u_hc_sr04/clk will be routed on clock mesh
PHY-1001 : clock net config_inst_syn_10 will be merged with clock config_inst_syn_9
PHY-1001 : eco open net = 0
PHY-1001 : 7 feed throughs used by 6 nets
RUN-1001 : Import IO constraints
RUN-1001 : Import Inst constraints
RUN-1001 : Import ChipWatcher
RUN-1001 : Import design success TD_VERSION=5.6.71036 , DB_VERSION=46146
RUN-1003 : finish command "import_db C:/Users/lkin/Desktop/DaChuang/Code/td_prj/DaChuang_Runs/phy_1/DaChuang_pr.db" in  1.438664s wall, 0.281250s user + 0.015625s system = 0.296875s CPU (20.6%)

RUN-1004 : used memory is 609 MB, reserved memory is 682 MB, peak memory is 679 MB
RUN-1002 : start command "download -bit DaChuang_Runs\phy_1\DaChuang.bit -mode jtag -spd 7 -sec 64 -cable 0"
PRG-2014 : Chip validation success: EAGLE_S20_BG256
RUN-1002 : start command "bit_to_vec -chip EAGLE_S20_BG256 -m jtag_burst -freq 4 -bit DaChuang_Runs/phy_1/DaChuang.bit"
RUN-1002 : start command "program -cable 0 -mode svf -spd 7 -p"
RUN-1003 : finish command "program -cable 0 -mode svf -spd 7 -p" in  6.359176s wall, 0.015625s user + 0.031250s system = 0.046875s CPU (0.7%)

RUN-1004 : used memory is 613 MB, reserved memory is 684 MB, peak memory is 679 MB
RUN-1003 : finish command "download -bit DaChuang_Runs\phy_1\DaChuang.bit -mode jtag -spd 7 -sec 64 -cable 0" in  6.554976s wall, 0.015625s user + 0.031250s system = 0.046875s CPU (0.7%)

RUN-1004 : used memory is 613 MB, reserved memory is 684 MB, peak memory is 679 MB
GUI-1001 : Downloading succeeded!
GUI-5004 WARNING: uart_rx_in has not been assigned a location ...
RUN-1001 : reset_run syn_1 phy_1.
GUI-6001 WARNING: File C:/Users/lkin/Desktop/DaChuang/Code/td_prj/DaChuang_Runs/phy_1/DaChuang.bit does not exist!
RUN-1001 : launch_runs syn_1 phy_1  -jobs 6.
RUN-1001 : syn_1: run complete.
RUN-1001 : phy_1: run complete.
RUN-1001 : open_run phy_1.
RUN-1002 : start command "import_db C:/Users/lkin/Desktop/DaChuang/Code/td_prj/DaChuang_Runs/phy_1/DaChuang_pr.db"
RUN-1001 : Importing database generated by Tang Dynasty, V5.6.71036.
RUN-1001 : Database version number 46146.
RUN-1001 : Import flow parameters
PHY-1001 : Generate detailed routing grids ...
PHY-1001 : Generate nets ...
PHY-1001 : net u_radar_top/u_hc_sr04/clk will be routed on clock mesh
PHY-1001 : clock net config_inst_syn_10 will be merged with clock config_inst_syn_9
PHY-1001 : eco open net = 0
PHY-1001 : 5 feed throughs used by 5 nets
RUN-1001 : Import IO constraints
RUN-1001 : Import Inst constraints
RUN-1001 : Import ChipWatcher
RUN-1001 : Import design success TD_VERSION=5.6.71036 , DB_VERSION=46146
RUN-1003 : finish command "import_db C:/Users/lkin/Desktop/DaChuang/Code/td_prj/DaChuang_Runs/phy_1/DaChuang_pr.db" in  1.032679s wall, 0.421875s user + 0.109375s system = 0.531250s CPU (51.4%)

RUN-1004 : used memory is 604 MB, reserved memory is 658 MB, peak memory is 679 MB
RUN-1002 : start command "download -bit DaChuang_Runs\phy_1\DaChuang.bit -mode jtag -spd 7 -sec 64 -cable 0"
PRG-2014 : Chip validation success: EAGLE_S20_BG256
RUN-1002 : start command "bit_to_vec -chip EAGLE_S20_BG256 -m jtag_burst -freq 4 -bit DaChuang_Runs/phy_1/DaChuang.bit"
RUN-1002 : start command "program -cable 0 -mode svf -spd 7 -p"
RUN-1003 : finish command "program -cable 0 -mode svf -spd 7 -p" in  6.336125s wall, 0.000000s user + 0.000000s system = 0.000000s CPU (n/a%)

RUN-1004 : used memory is 623 MB, reserved memory is 676 MB, peak memory is 679 MB
RUN-1003 : finish command "download -bit DaChuang_Runs\phy_1\DaChuang.bit -mode jtag -spd 7 -sec 64 -cable 0" in  6.526069s wall, 0.046875s user + 0.000000s system = 0.046875s CPU (0.7%)

RUN-1004 : used memory is 623 MB, reserved memory is 676 MB, peak memory is 679 MB
GUI-1001 : Downloading succeeded!
HDL-1007 : analyze verilog file ../rtl/uart_rx.v
RUN-1001 : reset_run syn_1 phy_1.
GUI-6001 WARNING: File C:/Users/lkin/Desktop/DaChuang/Code/td_prj/DaChuang_Runs/phy_1/DaChuang.bit does not exist!
RUN-1001 : launch_runs syn_1 phy_1  -jobs 6.
RUN-1001 : syn_1: run complete.
RUN-1001 : phy_1: run complete.
RUN-1001 : open_run phy_1.
RUN-1002 : start command "import_db C:/Users/lkin/Desktop/DaChuang/Code/td_prj/DaChuang_Runs/phy_1/DaChuang_pr.db"
RUN-1001 : Importing database generated by Tang Dynasty, V5.6.71036.
RUN-1001 : Database version number 46146.
RUN-1001 : Import flow parameters
PHY-1001 : Generate detailed routing grids ...
PHY-1001 : Generate nets ...
PHY-1001 : net u_radar_top/u_hc_sr04/clk will be routed on clock mesh
PHY-1001 : clock net config_inst_syn_10 will be merged with clock config_inst_syn_9
PHY-1001 : eco open net = 0
PHY-1001 : 6 feed throughs used by 6 nets
RUN-1001 : Import IO constraints
RUN-1001 : Import Inst constraints
RUN-1001 : Import ChipWatcher
RUN-1001 : Import design success TD_VERSION=5.6.71036 , DB_VERSION=46146
RUN-1002 : start command "download -bit DaChuang_Runs\phy_1\DaChuang.bit -mode jtag -spd 7 -sec 64 -cable 0"
PRG-2014 : Chip validation success: EAGLE_S20_BG256
RUN-1002 : start command "bit_to_vec -chip EAGLE_S20_BG256 -m jtag_burst -freq 4 -bit DaChuang_Runs/phy_1/DaChuang.bit"
RUN-1002 : start command "program -cable 0 -mode svf -spd 7 -p"
RUN-1003 : finish command "program -cable 0 -mode svf -spd 7 -p" in  6.307611s wall, 0.000000s user + 0.000000s system = 0.000000s CPU (n/a%)

RUN-1004 : used memory is 635 MB, reserved memory is 687 MB, peak memory is 679 MB
RUN-1003 : finish command "download -bit DaChuang_Runs\phy_1\DaChuang.bit -mode jtag -spd 7 -sec 64 -cable 0" in  6.499328s wall, 0.015625s user + 0.015625s system = 0.031250s CPU (0.5%)

RUN-1004 : used memory is 635 MB, reserved memory is 687 MB, peak memory is 679 MB
GUI-1001 : Downloading succeeded!
HDL-1007 : analyze verilog file ../rtl/radar_top.v
RUN-1001 : reset_run syn_1 phy_1.
GUI-6001 WARNING: File C:/Users/lkin/Desktop/DaChuang/Code/td_prj/DaChuang_Runs/phy_1/DaChuang.bit does not exist!
RUN-1001 : launch_runs syn_1 phy_1  -jobs 6.
RUN-1001 : syn_1: run complete.
RUN-1001 : phy_1: run complete.
RUN-1001 : open_run phy_1.
RUN-1002 : start command "import_db C:/Users/lkin/Desktop/DaChuang/Code/td_prj/DaChuang_Runs/phy_1/DaChuang_pr.db"
RUN-1001 : Importing database generated by Tang Dynasty, V5.6.71036.
RUN-1001 : Database version number 46146.
RUN-1001 : Import flow parameters
PHY-1001 : Generate detailed routing grids ...
PHY-1001 : Generate nets ...
PHY-1001 : net u_radar_top/u_hc_sr04/clk will be routed on clock mesh
PHY-1001 : clock net config_inst_syn_10 will be merged with clock config_inst_syn_9
PHY-1001 : eco open net = 0
PHY-1001 : 15 feed throughs used by 14 nets
RUN-1001 : Import IO constraints
RUN-1001 : Import Inst constraints
RUN-1001 : Import ChipWatcher
RUN-1001 : Import design success TD_VERSION=5.6.71036 , DB_VERSION=46146
RUN-1003 : finish command "import_db C:/Users/lkin/Desktop/DaChuang/Code/td_prj/DaChuang_Runs/phy_1/DaChuang_pr.db" in  1.048113s wall, 0.234375s user + 0.031250s system = 0.265625s CPU (25.3%)

RUN-1004 : used memory is 635 MB, reserved memory is 687 MB, peak memory is 679 MB
RUN-1002 : start command "download -bit DaChuang_Runs\phy_1\DaChuang.bit -mode jtag -spd 7 -sec 64 -cable 0"
PRG-2014 : Chip validation success: EAGLE_S20_BG256
RUN-1002 : start command "bit_to_vec -chip EAGLE_S20_BG256 -m jtag_burst -freq 4 -bit DaChuang_Runs/phy_1/DaChuang.bit"
RUN-1002 : start command "program -cable 0 -mode svf -spd 7 -p"
RUN-1003 : finish command "program -cable 0 -mode svf -spd 7 -p" in  6.324293s wall, 0.000000s user + 0.031250s system = 0.031250s CPU (0.5%)

RUN-1004 : used memory is 637 MB, reserved memory is 688 MB, peak memory is 679 MB
RUN-1003 : finish command "download -bit DaChuang_Runs\phy_1\DaChuang.bit -mode jtag -spd 7 -sec 64 -cable 0" in  6.515988s wall, 0.046875s user + 0.031250s system = 0.078125s CPU (1.2%)

RUN-1004 : used memory is 637 MB, reserved memory is 688 MB, peak memory is 679 MB
GUI-1001 : Downloading succeeded!
