============================================================
   Tang Dynasty, V5.6.71036
      Copyright (c) 2012-2023 Anlogic Inc.
   Executable = D:/Anlogic/bin/td.exe
   Built at =   20:34:38 Mar 21 2023
   Run by =     lkin
   Run Date =   Sun Feb  1 22:35:21 2026

   Run on =     LAPTOP-90SJ6A72
============================================================
RUN-1001 : open_run phy_1.
RUN-1002 : start command "import_db C:/Users/lkin/Desktop/DaChuang/Code/td_prj/DaChuang_Runs/phy_1/DaChuang_pr.db"
RUN-1001 : Importing database generated by Tang Dynasty, V5.6.71036.
RUN-1001 : Database version number 46146.
RUN-1001 : Import flow parameters
PHY-1001 : Generate detailed routing grids ...
PHY-1001 : Generate nets ...
PHY-1001 : net u_radar_top/u_hc_sr04/clk will be routed on clock mesh
PHY-1001 : clock net config_inst_syn_10 will be merged with clock config_inst_syn_9
PHY-1001 : eco open net = 0
PHY-1001 : 15 feed throughs used by 14 nets
RUN-1001 : Import IO constraints
RUN-1001 : Import Inst constraints
RUN-1001 : Import ChipWatcher
RUN-1001 : Import design success TD_VERSION=5.6.71036 , DB_VERSION=46146
RUN-1003 : finish command "import_db C:/Users/lkin/Desktop/DaChuang/Code/td_prj/DaChuang_Runs/phy_1/DaChuang_pr.db" in  3.219298s wall, 1.312500s user + 0.015625s system = 1.328125s CPU (41.3%)

RUN-1004 : used memory is 540 MB, reserved memory is 501 MB, peak memory is 579 MB
RUN-1001 : reset_run syn_1 phy_1.
RUN-1001 : launch_runs syn_1 phy_1  -jobs 6.
RUN-1001 : syn_1: run complete.
RUN-1001 : phy_1: run complete.
RUN-1001 : open_run phy_1.
RUN-1002 : start command "import_db C:/Users/lkin/Desktop/DaChuang/Code/td_prj/DaChuang_Runs/phy_1/DaChuang_pr.db"
RUN-1001 : Importing database generated by Tang Dynasty, V5.6.71036.
RUN-1001 : Database version number 46146.
RUN-1001 : Import flow parameters
PHY-1001 : Generate detailed routing grids ...
PHY-1001 : Generate nets ...
PHY-1001 : net u_radar_top/u_hc_sr04/clk will be routed on clock mesh
PHY-1001 : clock net config_inst_syn_10 will be merged with clock config_inst_syn_9
PHY-1001 : eco open net = 0
PHY-1001 : 14 feed throughs used by 13 nets
RUN-1001 : Import IO constraints
RUN-1001 : Import Inst constraints
RUN-1001 : Import ChipWatcher
RUN-1001 : Import design success TD_VERSION=5.6.71036 , DB_VERSION=46146
RUN-1003 : finish command "import_db C:/Users/lkin/Desktop/DaChuang/Code/td_prj/DaChuang_Runs/phy_1/DaChuang_pr.db" in  1.601230s wall, 0.703125s user + 0.015625s system = 0.718750s CPU (44.9%)

RUN-1004 : used memory is 592 MB, reserved memory is 559 MB, peak memory is 636 MB
RUN-1002 : start command "download -bit DaChuang_Runs\phy_1\DaChuang.bit -mode jtag -spd 7 -sec 64 -cable 0"
PRG-2014 : Chip validation success: EAGLE_S20_BG256
RUN-1002 : start command "bit_to_vec -chip EAGLE_S20_BG256 -m jtag_burst -freq 4 -bit DaChuang_Runs/phy_1/DaChuang.bit"
RUN-1002 : start command "program -cable 0 -mode svf -spd 7 -p"
RUN-1003 : finish command "program -cable 0 -mode svf -spd 7 -p" in  6.293365s wall, 0.046875s user + 0.062500s system = 0.109375s CPU (1.7%)

RUN-1004 : used memory is 660 MB, reserved memory is 599 MB, peak memory is 675 MB
RUN-1003 : finish command "download -bit DaChuang_Runs\phy_1\DaChuang.bit -mode jtag -spd 7 -sec 64 -cable 0" in  6.498388s wall, 0.062500s user + 0.062500s system = 0.125000s CPU (1.9%)

RUN-1004 : used memory is 660 MB, reserved memory is 599 MB, peak memory is 675 MB
GUI-1001 : Downloading succeeded!
