============================================================
   Tang Dynasty, V5.6.71036
      Copyright (c) 2012-2023 Anlogic Inc.
   Executable = D:/Anlogic/bin/td.exe
   Built at =   20:34:38 Mar 21 2023
   Run by =     lkin
   Run Date =   Mon Feb  2 14:13:03 2026

   Run on =     LAPTOP-90SJ6A72
============================================================
RUN-1002 : start command "open_project DaChuang.prj"
RUN-1001 : Print Global Property
RUN-1001 : ---------------------------------------------------------------
RUN-1001 :        Parameters        |  Settings  |  Default Values  |  Note  
RUN-1001 : ---------------------------------------------------------------
RUN-1001 :          message         |  standard  |     standard     |        
RUN-1001 :   mixed_pack_place_flow  |     on     |        on        |        
RUN-1001 :        qor_monitor       |    off     |       off        |        
RUN-1001 :        syn_ip_flow       |    off     |       off        |        
RUN-1001 :          thread          |    auto    |       auto       |        
RUN-1001 : ---------------------------------------------------------------
RUN-1001 : Print Design Property
RUN-1001 : --------------------------------------------------------------
RUN-1001 :        Parameters       |  Settings  |  Default Values  |  Note  
RUN-1001 : --------------------------------------------------------------
RUN-1001 :   default_reg_initial   |    auto    |       auto       |        
RUN-1001 :        infer_add        |     on     |        on        |        
RUN-1001 :        infer_fsm        |    off     |       off        |        
RUN-1001 :        infer_mult       |     on     |        on        |        
RUN-1001 :        infer_ram        |     on     |        on        |        
RUN-1001 :        infer_reg        |     on     |        on        |        
RUN-1001 :   infer_reg_init_value  |     on     |        on        |        
RUN-1001 :        infer_rom        |     on     |        on        |        
RUN-1001 :      infer_shifter      |     on     |        on        |        
RUN-1001 : --------------------------------------------------------------
RUN-1001 : Print Rtl Property
RUN-1001 : --------------------------------------------------------------
RUN-1001 :        Parameters       |  Settings  |  Default Values  |  Note  
RUN-1001 : --------------------------------------------------------------
RUN-1001 :       compress_add      |   ripple   |      ripple      |        
RUN-1001 :        elf_sload        |    off     |       off        |        
RUN-1001 :       fix_undriven      |     0      |        0         |        
RUN-1001 :         flatten         |    off     |       off        |        
RUN-1001 :       gate_sharing      |     on     |        on        |        
RUN-1001 :    hdl_warning_level    |   normal   |      normal      |        
RUN-1001 :   impl_internal_tribuf  |     on     |        on        |        
RUN-1001 :      impl_set_reset     |     on     |        on        |        
RUN-1001 :        infer_gsr        |    off     |       off        |        
RUN-1001 :      keep_hierarchy     |    auto    |       auto       |        
RUN-1001 :        max_fanout       |    9999    |       9999       |        
RUN-1001 :      max_oh2bin_len     |     10     |        10        |        
RUN-1001 :       merge_equal       |     on     |        on        |        
RUN-1001 :       merge_equiv       |     on     |        on        |        
RUN-1001 :        merge_mux        |    off     |       off        |        
RUN-1001 :     min_control_set     |     8      |        8         |        
RUN-1001 :      min_ripple_len     |    auto    |       auto       |        
RUN-1001 :       oh2bin_ratio      |    0.08    |       0.08       |        
RUN-1001 :     opt_adder_fanout    |     on     |        on        |        
RUN-1001 :        opt_arith        |     on     |        on        |        
RUN-1001 :       opt_big_gate      |    off     |       off        |        
RUN-1001 :        opt_const        |     on     |        on        |        
RUN-1001 :      opt_const_mult     |     on     |        on        |        
RUN-1001 :       opt_lessthan      |     on     |        on        |        
RUN-1001 :         opt_mux         |    off     |       off        |        
RUN-1001 :         opt_ram         |    high    |       high       |        
RUN-1001 :      rtl_sim_model      |    off     |       off        |        
RUN-1001 :         seq_syn         |     on     |        on        |        
RUN-1001 : --------------------------------------------------------------
HDL-1007 : analyze verilog file ../../../rtl/HC_SR04.v
HDL-1007 : analyze verilog file ../../../rtl/uart_tx.v
HDL-1007 : analyze verilog file ../../../rtl/radar_top.v
HDL-1007 : analyze verilog file ../../../rtl/sg90.v
HDL-1007 : analyze verilog file ../../../rtl/uart_rx.v
HDL-1007 : analyze verilog file ../../../rtl/radar_top_auto.v
RUN-1001 : Project manager successfully analyzed 6 source files.
RUN-1002 : start command "import_device eagle_s20.db -package EG4S20BG256"
ARC-1001 : Device Initialization.
ARC-1001 : ------------------------------------------------------------------
ARC-1001 :            OPTION            |          IO          |   SETTING   
ARC-1001 : ------------------------------------------------------------------
ARC-1001 :   cso_b/cclk/mosi/miso/dout  |  T3/R11/T10/P10/S11  |    gpio    
ARC-1001 :             done             |         P13          |    gpio    
ARC-1001 :           program_b          |          T2          |  dedicate  
ARC-1001 :        tdi/tms/tck/tdo       |   C12/A15/C14/E14    |  dedicate  
ARC-1001 : ------------------------------------------------------------------
ARC-1004 : Device setting, marked 5 dedicate IOs in total.
RUN-1002 : start command "elaborate -top radar_top_auto"
RUN-1001 : Print Design Property
RUN-1001 : --------------------------------------------------------------
RUN-1001 :        Parameters       |  Settings  |  Default Values  |  Note  
RUN-1001 : --------------------------------------------------------------
RUN-1001 :   default_reg_initial   |    auto    |       auto       |        
RUN-1001 :        infer_add        |     on     |        on        |        
RUN-1001 :        infer_fsm        |    off     |       off        |        
RUN-1001 :        infer_mult       |     on     |        on        |        
RUN-1001 :        infer_ram        |     on     |        on        |        
RUN-1001 :        infer_reg        |     on     |        on        |        
RUN-1001 :   infer_reg_init_value  |     on     |        on        |        
RUN-1001 :        infer_rom        |     on     |        on        |        
RUN-1001 :      infer_shifter      |     on     |        on        |        
RUN-1001 : --------------------------------------------------------------
RUN-1001 : Print Rtl Property
RUN-1001 : --------------------------------------------------------------
RUN-1001 :        Parameters       |  Settings  |  Default Values  |  Note  
RUN-1001 : --------------------------------------------------------------
RUN-1001 :       compress_add      |   ripple   |      ripple      |        
RUN-1001 :        elf_sload        |    off     |       off        |        
RUN-1001 :       fix_undriven      |     0      |        0         |        
RUN-1001 :         flatten         |    off     |       off        |        
RUN-1001 :       gate_sharing      |     on     |        on        |        
RUN-1001 :    hdl_warning_level    |   normal   |      normal      |        
RUN-1001 :   impl_internal_tribuf  |     on     |        on        |        
RUN-1001 :      impl_set_reset     |     on     |        on        |        
RUN-1001 :        infer_gsr        |    off     |       off        |        
RUN-1001 :      keep_hierarchy     |    auto    |       auto       |        
RUN-1001 :        max_fanout       |    9999    |       9999       |        
RUN-1001 :      max_oh2bin_len     |     10     |        10        |        
RUN-1001 :       merge_equal       |     on     |        on        |        
RUN-1001 :       merge_equiv       |     on     |        on        |        
RUN-1001 :        merge_mux        |    off     |       off        |        
RUN-1001 :     min_control_set     |     8      |        8         |        
RUN-1001 :      min_ripple_len     |    auto    |       auto       |        
RUN-1001 :       oh2bin_ratio      |    0.08    |       0.08       |        
RUN-1001 :     opt_adder_fanout    |     on     |        on        |        
RUN-1001 :        opt_arith        |     on     |        on        |        
RUN-1001 :       opt_big_gate      |    off     |       off        |        
RUN-1001 :        opt_const        |     on     |        on        |        
RUN-1001 :      opt_const_mult     |     on     |        on        |        
RUN-1001 :       opt_lessthan      |     on     |        on        |        
RUN-1001 :         opt_mux         |    off     |       off        |        
RUN-1001 :         opt_ram         |    high    |       high       |        
RUN-1001 :      rtl_sim_model      |    off     |       off        |        
RUN-1001 :         seq_syn         |     on     |        on        |        
RUN-1001 : --------------------------------------------------------------
RUN-1001 : Print Global Property
RUN-1001 : ---------------------------------------------------------------
RUN-1001 :        Parameters        |  Settings  |  Default Values  |  Note  
RUN-1001 : ---------------------------------------------------------------
RUN-1001 :          message         |  standard  |     standard     |        
RUN-1001 :   mixed_pack_place_flow  |     on     |        on        |        
RUN-1001 :        qor_monitor       |    off     |       off        |        
RUN-1001 :        syn_ip_flow       |    off     |       off        |        
RUN-1001 :          thread          |    auto    |       auto       |        
RUN-1001 : ---------------------------------------------------------------
RUN-1001 : Print Design Property
RUN-1001 : --------------------------------------------------------------
RUN-1001 :        Parameters       |  Settings  |  Default Values  |  Note  
RUN-1001 : --------------------------------------------------------------
RUN-1001 :   default_reg_initial   |    auto    |       auto       |        
RUN-1001 :        infer_add        |     on     |        on        |        
RUN-1001 :        infer_fsm        |    off     |       off        |        
RUN-1001 :        infer_mult       |     on     |        on        |        
RUN-1001 :        infer_ram        |     on     |        on        |        
RUN-1001 :        infer_reg        |     on     |        on        |        
RUN-1001 :   infer_reg_init_value  |     on     |        on        |        
RUN-1001 :        infer_rom        |     on     |        on        |        
RUN-1001 :      infer_shifter      |     on     |        on        |        
RUN-1001 : --------------------------------------------------------------
HDL-1007 : elaborate module radar_top_auto in ../../../rtl/radar_top_auto.v(3)
HDL-1007 : elaborate module radar_top in ../../../rtl/radar_top.v(1)
HDL-1007 : elaborate module HC_SR04 in ../../../rtl/HC_SR04.v(1)
HDL-1007 : elaborate module sg90 in ../../../rtl/sg90.v(1)
HDL-1007 : elaborate module uart_tx in ../../../rtl/uart_tx.v(1)
HDL-1007 : elaborate module uart_rx in ../../../rtl/uart_rx.v(1)
HDL-5001 WARNING: Contains anonymous inst(s) and/or net(s) that have not been renamed
HDL-5001 WARNING: Contains anonymous inst(s) and/or net(s) that have not been renamed
HDL-5001 WARNING: Contains anonymous inst(s) and/or net(s) that have not been renamed
HDL-1200 : Current top model is radar_top_auto
HDL-1100 : Inferred 0 RAMs.
RUN-1002 : start command "export_db DaChuang_elaborate.db"
RUN-1001 : Exported /
RUN-1001 : Exported flow parameters
RUN-1001 : Exported libs
RUN-1001 : Exported entities
RUN-1001 : Exported ports
RUN-1001 : Exported pins
RUN-1001 : Exported instances
RUN-1001 : Exported nets
RUN-1001 : Exported buses
RUN-1001 : Exported models
RUN-1001 : Exported congestions
RUN-1001 : Exported violations
RUN-1001 : Exported IO constraints
RUN-1001 : Exported Inst constraints
RUN-1002 : start command "read_adc ../../DaChuang.adc"
RUN-1002 : start command "set_pin_assignment  clk   LOCATION = R7; IOSTANDARD = LVCMOS25; PULLTYPE = PULLUP; "
RUN-1002 : start command "set_pin_assignment  echo   LOCATION = R16; IOSTANDARD = LVCMOS25; PULLTYPE = PULLUP; "
RUN-1002 : start command "set_pin_assignment  rst_n   LOCATION = A9; IOSTANDARD = LVCMOS25; PULLTYPE = PULLUP; "
RUN-1002 : start command "set_pin_assignment  servo_pwm   LOCATION = M11; IOSTANDARD = LVCMOS25; DRIVESTRENGTH = 8; PULLTYPE = NONE; "
RUN-1002 : start command "set_pin_assignment  trig   LOCATION = P12; IOSTANDARD = LVCMOS25; DRIVESTRENGTH = 8; PULLTYPE = NONE; "
RUN-1002 : start command "set_pin_assignment  uart_rx_in   LOCATION = F12; IOSTANDARD = LVCMOS25; PULLTYPE = PULLUP; "
RUN-1002 : start command "set_pin_assignment  uart_tx_out   LOCATION = D12; IOSTANDARD = LVCMOS25; DRIVESTRENGTH = 8; PULLTYPE = NONE; "
RUN-1001 : Starting of IO setups legality check.
RUN-1001 : Starting of IO setups legality check.
RUN-1001 : Starting of IO vref setups legality check.
RUN-1002 : start command "optimize_rtl"
RUN-1001 : Open license file D:/Anlogic/license/Anlogic.lic
RUN-1001 : Print Global Property
RUN-1001 : ---------------------------------------------------------------
RUN-1001 :        Parameters        |  Settings  |  Default Values  |  Note  
RUN-1001 : ---------------------------------------------------------------
RUN-1001 :          message         |  standard  |     standard     |        
RUN-1001 :   mixed_pack_place_flow  |     on     |        on        |        
RUN-1001 :        qor_monitor       |    off     |       off        |        
RUN-1001 :        syn_ip_flow       |    off     |       off        |        
RUN-1001 :          thread          |    auto    |       auto       |        
RUN-1001 : ---------------------------------------------------------------
RUN-1001 : Print Rtl Property
RUN-1001 : --------------------------------------------------------------
RUN-1001 :        Parameters       |  Settings  |  Default Values  |  Note  
RUN-1001 : --------------------------------------------------------------
RUN-1001 :       compress_add      |   ripple   |      ripple      |        
RUN-1001 :        elf_sload        |    off     |       off        |        
RUN-1001 :       fix_undriven      |     0      |        0         |        
RUN-1001 :         flatten         |    off     |       off        |        
RUN-1001 :       gate_sharing      |     on     |        on        |        
RUN-1001 :    hdl_warning_level    |   normal   |      normal      |        
RUN-1001 :   impl_internal_tribuf  |     on     |        on        |        
RUN-1001 :      impl_set_reset     |     on     |        on        |        
RUN-1001 :        infer_gsr        |    off     |       off        |        
RUN-1001 :      keep_hierarchy     |    auto    |       auto       |        
RUN-1001 :        max_fanout       |    9999    |       9999       |        
RUN-1001 :      max_oh2bin_len     |     10     |        10        |        
RUN-1001 :       merge_equal       |     on     |        on        |        
RUN-1001 :       merge_equiv       |     on     |        on        |        
RUN-1001 :        merge_mux        |    off     |       off        |        
RUN-1001 :     min_control_set     |     8      |        8         |        
RUN-1001 :      min_ripple_len     |    auto    |       auto       |        
RUN-1001 :       oh2bin_ratio      |    0.08    |       0.08       |        
RUN-1001 :     opt_adder_fanout    |     on     |        on        |        
RUN-1001 :        opt_arith        |     on     |        on        |        
RUN-1001 :       opt_big_gate      |    off     |       off        |        
RUN-1001 :        opt_const        |     on     |        on        |        
RUN-1001 :      opt_const_mult     |     on     |        on        |        
RUN-1001 :       opt_lessthan      |     on     |        on        |        
RUN-1001 :         opt_mux         |    off     |       off        |        
RUN-1001 :         opt_ram         |    high    |       high       |        
RUN-1001 :      rtl_sim_model      |    off     |       off        |        
RUN-1001 :         seq_syn         |     on     |        on        |        
RUN-1001 : --------------------------------------------------------------
SYN-1012 : SanityCheck: Model "radar_top_auto"
SYN-1012 : SanityCheck: Model "radar_top"
SYN-1012 : SanityCheck: Model "HC_SR04"
SYN-1012 : SanityCheck: Model "sg90"
SYN-1012 : SanityCheck: Model "uart_rx"
SYN-1012 : SanityCheck: Model "uart_tx"
SYN-1011 : Flatten model radar_top_auto
SYN-1032 : 12723/567 useful/useless nets, 5830/29 useful/useless insts
SYN-1001 : Optimize 1 less-than instances
SYN-1001 : Optimize 230 less-than instances
SYN-1016 : Merged 1242 instances.
SYN-1032 : 6481/5815 useful/useless nets, 2449/2867 useful/useless insts
SYN-1016 : Merged 102 instances.
SYN-1032 : 6366/38 useful/useless nets, 4768/108 useful/useless insts
SYN-1014 : Optimize round 1
SYN-1017 : Remove 1 const input seq instances
SYN-1002 :     u_radar_top/reg20_syn_5
SYN-1019 : Optimized 307 mux instances.
SYN-1021 : Optimized 48 onehot mux instances.
SYN-1020 : Optimized 604 distributor mux.
SYN-1001 : Optimize 18 less-than instances
SYN-1019 : Optimized 26 mux instances.
SYN-1016 : Merged 997 instances.
SYN-1015 : Optimize round 1, 3004 better
SYN-1014 : Optimize round 2
SYN-1044 : Optimized 4 inv instances.
SYN-1032 : 4848/141 useful/useless nets, 3474/772 useful/useless insts
SYN-1017 : Remove 5 const input seq instances
SYN-1002 :     u_radar_top/reg12_syn_2
SYN-1002 :     u_radar_top/reg4_syn_5
SYN-1002 :     u_radar_top/reg5_syn_3
SYN-1002 :     u_radar_top/u_hc_sr04/reg3_syn_11
SYN-1002 :     u_radar_top/u_sg90/reg2_syn_20
SYN-1019 : Optimized 9 mux instances.
SYN-1020 : Optimized 1 distributor mux.
SYN-1016 : Merged 1 instances.
SYN-1015 : Optimize round 2, 1022 better
SYN-1032 : 4833/7 useful/useless nets, 3461/6 useful/useless insts
SYN-3004 : Optimized 3 const0 DFF(s)
SYN-3004 : Optimized 8 const0 DFF(s)
SYN-3004 : Optimized 2 const0 DFF(s)
SYN-1032 : 4783/50 useful/useless nets, 3414/34 useful/useless insts
SYN-1014 : Optimize round 1
SYN-1016 : Merged 3 instances.
SYN-1015 : Optimize round 1, 67 better
SYN-1014 : Optimize round 2
SYN-1032 : 4759/27 useful/useless nets, 3395/0 useful/useless insts
SYN-1019 : Optimized 7 mux instances.
SYN-1016 : Merged 3 instances.
SYN-1015 : Optimize round 2, 54 better
SYN-1014 : Optimize round 3
SYN-1032 : 4739/10 useful/useless nets, 3382/1 useful/useless insts
SYN-1019 : Optimized 8 mux instances.
SYN-1016 : Merged 2 instances.
SYN-1015 : Optimize round 3, 23 better
SYN-1014 : Optimize round 4
SYN-1032 : 4717/7 useful/useless nets, 3369/1 useful/useless insts
SYN-1019 : Optimized 9 mux instances.
SYN-1016 : Merged 2 instances.
SYN-1015 : Optimize round 4, 24 better
SYN-1014 : Optimize round 5
SYN-1032 : 4693/7 useful/useless nets, 3355/1 useful/useless insts
SYN-1019 : Optimized 9 mux instances.
SYN-1016 : Merged 1 instances.
SYN-1015 : Optimize round 5, 21 better
SYN-1014 : Optimize round 6
SYN-1032 : 4671/5 useful/useless nets, 3343/1 useful/useless insts
SYN-1016 : Merged 1 instances.
SYN-1015 : Optimize round 6, 11 better
SYN-1014 : Optimize round 7
SYN-1032 : 4667/4 useful/useless nets, 3341/0 useful/useless insts
SYN-1016 : Merged 1 instances.
SYN-1015 : Optimize round 7, 8 better
SYN-1014 : Optimize round 8
SYN-1032 : 4663/4 useful/useless nets, 3339/0 useful/useless insts
SYN-1016 : Merged 1 instances.
SYN-1015 : Optimize round 8, 8 better
SYN-1032 : 4660/2 useful/useless nets, 3338/0 useful/useless insts
RUN-1003 : finish command "optimize_rtl" in  2.984864s wall, 0.062500s user + 0.000000s system = 0.062500s CPU (2.1%)

RUN-1004 : used memory is 145 MB, reserved memory is 115 MB, peak memory is 152 MB
RUN-1002 : start command "report_area -file DaChuang_rtl.area"
RUN-1001 : standard
***Report Model: radar_top_auto Device: EG4S20BG256***

IO Statistics
#IO                         7
  #input                    4
  #output                   3
  #inout                    0

Gate Statistics
#Basic gates             2111
  #and                    134
  #nand                     0
  #or                      24
  #nor                      0
  #xor                      0
  #xnor                     0
  #buf                      0
  #not                    187
  #bufif1                   0
  #MX21                  1323
  #FADD                     0
  #DFF                    443
  #LATCH                    0
#MACRO_ADD                318
#MACRO_EQ                  51
#MACRO_MULT                 3
#MACRO_MUX                848

Report Hierarchy Area:
+------------------------------------------------------+
|Instance      |Module         |gates  |seq    |macros |
+------------------------------------------------------+
|top           |radar_top_auto |1668   |443    |372    |
|  u_radar_top |radar_top      |1668   |443    |372    |
|    u_hc_sr04 |HC_SR04        |114    |48     |28     |
|    u_sg90    |sg90           |133    |41     |42     |
|    u_uart_rx |uart_rx        |83     |51     |11     |
|    u_uart_tx |uart_tx        |23     |42     |9      |
+------------------------------------------------------+

RUN-1002 : start command "export_db DaChuang_rtl.db"
RUN-1001 : Exported /
RUN-1001 : Exported flow parameters
RUN-1001 : Exported libs
RUN-1001 : Exported entities
RUN-1001 : Exported ports
RUN-1001 : Exported pins
RUN-1001 : Exported instances
RUN-1001 : Exported nets
RUN-1001 : Exported buses
RUN-1001 : Exported models
RUN-1001 : Exported congestions
RUN-1001 : Exported violations
RUN-1001 : Exported IO constraints
RUN-1001 : Exported Inst constraints
RUN-1002 : start command "optimize_gate -maparea DaChuang_gate.area"
RUN-1001 : Open license file D:/Anlogic/license/Anlogic.lic
RUN-1001 : Print Global Property
RUN-1001 : ---------------------------------------------------------------
RUN-1001 :        Parameters        |  Settings  |  Default Values  |  Note  
RUN-1001 : ---------------------------------------------------------------
RUN-1001 :          message         |  standard  |     standard     |        
RUN-1001 :   mixed_pack_place_flow  |     on     |        on        |        
RUN-1001 :        qor_monitor       |    off     |       off        |        
RUN-1001 :        syn_ip_flow       |    off     |       off        |        
RUN-1001 :          thread          |    auto    |       auto       |        
RUN-1001 : ---------------------------------------------------------------
RUN-1001 : Print Gate Property
RUN-1001 : ------------------------------------------------------------------
RUN-1001 :          Parameters         |  Settings  |  Default Values  |  Note  
RUN-1001 : ------------------------------------------------------------------
RUN-1001 :         cascade_dsp         |    off     |       off        |        
RUN-1001 :         cascade_eram        |    off     |       off        |        
RUN-1001 :        gate_sim_model       |    off     |       off        |        
RUN-1001 :        map_sim_model        |    off     |       off        |        
RUN-1001 :         map_strategy        |     1      |        1         |        
RUN-1001 :           opt_area          |   medium   |      medium      |        
RUN-1001 :          opt_timing         |    auto    |       auto       |        
RUN-1001 :         pack_effort         |   medium   |      medium      |        
RUN-1001 :      pack_lslice_ripple     |     on     |        on        |        
RUN-1001 :   pack_lslice_ripple_ratio  |    0.5     |       0.5        |        
RUN-1001 :        pack_seq_in_io       |    auto    |       auto       |        
RUN-1001 :        ph1_mux_ratio        |    1.0     |       1.0        |        
RUN-1001 :            report           |  standard  |     standard     |        
RUN-1001 :           retiming          |    off     |       off        |        
RUN-1001 : ------------------------------------------------------------------
SYN-2001 : Map 7 IOs to PADs
SYN-1032 : 4665/2 useful/useless nets, 3342/3 useful/useless insts
RUN-1002 : start command "update_pll_param -module radar_top_auto"
SYN-2501 : Processed 0 LOGIC_BUF instances.
SYN-2571 : Map 3 macro multiplier
SYN-2571 : Optimize after map_dsp, round 1
SYN-1032 : 4737/17 useful/useless nets, 3347/0 useful/useless insts
SYN-2571 : Optimize after map_dsp, round 1, 17 better
SYN-2571 : Optimize after map_dsp, round 2
SYN-2571 : Optimize after map_dsp, round 2, 0 better
SYN-1001 : Throwback 52 control mux instances
SYN-1001 : Convert 100 adder
SYN-2501 : Optimize round 1
SYN-1032 : 4923/1078 useful/useless nets, 3701/51 useful/useless insts
SYN-1016 : Merged 168 instances.
SYN-2501 : Optimize round 1, 1596 better
SYN-2501 : Optimize round 2
SYN-2501 : Optimize round 2, 0 better
SYN-2501 : Map 317 macro adder
SYN-1019 : Optimized 245 mux instances.
SYN-1016 : Merged 475 instances.
SYN-1032 : 7978/1035 useful/useless nets, 6735/11 useful/useless insts
SYN-3001 : Running gate level optimization.
SYN-2581 : Mapping with K=5, #lut = 1604 (3.51), #lev = 13 (4.92)
SYN-2551 : Post LUT mapping optimization.
SYN-2581 : Mapping with K=5, #lut = 1604 (3.51), #lev = 13 (4.92)
SYN-3001 : Logic optimization runtime opt =   0.25 sec, map =   0.00 sec
SYN-3001 : Mapper mapped 3320 instances into 1621 LUTs, name keeping = 81%.
SYN-3001 : Mapper removed 3 lut buffers
RUN-1002 : start command "report_area -file DaChuang_gate.area"
RUN-1001 : standard
***Report Model: radar_top_auto Device: EG4S20BG256***

IO Statistics
#IO                         7
  #input                    4
  #output                   3
  #inout                    0

LUT Statistics
#Total_luts              4574
  #lut4                  1274
  #lut5                   344
  #lut6                     0
  #lut5_mx41                0
  #lut4_alu1b            2956

Utilization Statistics
#lut                     4574   out of  19600   23.34%
#reg                      440   out of  19600    2.24%
#le                         0
#dsp                        5   out of     29   17.24%
#bram                       0   out of     64    0.00%
  #bram9k                   0
  #fifo9k                   0
#bram32k                    0   out of     16    0.00%
#pad                        7   out of    188    3.72%
  #ireg                     2
  #oreg                     3
  #treg                     0
#pll                        0   out of      4    0.00%

Report Hierarchy Area:
+---------------------------------------------------------------------------+
|Instance      |Module         |lut     |ripple  |seq     |bram    |dsp     |
+---------------------------------------------------------------------------+
|top           |radar_top_auto |1618    |2956    |445     |0       |5       |
|  u_radar_top |radar_top      |1618    |2956    |440     |0       |5       |
|    u_hc_sr04 |HC_SR04        |169     |80      |47      |0       |0       |
|    u_sg90    |sg90           |125     |73      |40      |0       |1       |
|    u_uart_rx |uart_rx        |84      |27      |50      |0       |0       |
|    u_uart_tx |uart_tx        |50      |27      |42      |0       |0       |
+---------------------------------------------------------------------------+

SYN-1001 : Packing model "radar_top_auto" ...
SYN-4010 : Pack lib has 58 rtl pack models with 25 top pack blocks
SYN-1014 : Optimize round 1
SYN-1015 : Optimize round 1, 0 better
SYN-4002 : Packing 440 DFF/LATCH to SEQ ...
SYN-4009 : Pack 85 carry chain into lslice
SYN-4007 : Packing 1473 adder to BLE ...
SYN-4008 : Packed 1473 adder and 1 SEQ to BLE.
SYN-4007 : Packing 0 gate4 to BLE ...
SYN-4008 : Packed 0 gate4 and 0 SEQ to BLE.
SYN-4012 : Packed 0 FxMUX
RUN-1003 : finish command "optimize_gate -maparea DaChuang_gate.area" in  1.753996s wall, 0.171875s user + 0.000000s system = 0.171875s CPU (9.8%)

RUN-1004 : used memory is 171 MB, reserved memory is 140 MB, peak memory is 174 MB
RUN-1002 : start command "legalize_phy_inst"
SYN-1011 : Flatten model radar_top_auto
RUN-1002 : start command "export_db DaChuang_gate.db"
RUN-1001 : Exported /
RUN-1001 : Exported flow parameters
RUN-1001 : Exported libs
RUN-1001 : Exported entities
RUN-1001 : Exported ports
RUN-1001 : Exported pins
RUN-1001 : Exported instances
RUN-1001 : Exported nets
RUN-1001 : Exported buses
RUN-1001 : Exported models
RUN-1001 : Exported congestions
RUN-1001 : Exported violations
RUN-1001 : Exported IO constraints
RUN-1001 : Exported Inst constraints
RUN-1002 : start command "backup_run_log run.log ../.logs/syn_1/td_20260202_141303.log"
RUN-1001 : Backing up run's log file succeed.
