============================================================
   Tang Dynasty, V5.6.71036
      Copyright (c) 2012-2023 Anlogic Inc.
   Executable = D:/Anlogic/bin/td.exe
   Built at =   20:34:38 Mar 21 2023
   Run by =     lkin
   Run Date =   Mon Feb  2 14:13:09 2026

   Run on =     LAPTOP-90SJ6A72
============================================================
RUN-1002 : start command "open_project DaChuang.prj"
RUN-1001 : Print Global Property
RUN-1001 : ---------------------------------------------------------------
RUN-1001 :        Parameters        |  Settings  |  Default Values  |  Note  
RUN-1001 : ---------------------------------------------------------------
RUN-1001 :          message         |  standard  |     standard     |        
RUN-1001 :   mixed_pack_place_flow  |     on     |        on        |        
RUN-1001 :        qor_monitor       |    off     |       off        |        
RUN-1001 :        syn_ip_flow       |    off     |       off        |        
RUN-1001 :          thread          |    auto    |       auto       |        
RUN-1001 : ---------------------------------------------------------------
RUN-1001 : Print Design Property
RUN-1001 : --------------------------------------------------------------
RUN-1001 :        Parameters       |  Settings  |  Default Values  |  Note  
RUN-1001 : --------------------------------------------------------------
RUN-1001 :   default_reg_initial   |    auto    |       auto       |        
RUN-1001 :        infer_add        |     on     |        on        |        
RUN-1001 :        infer_fsm        |    off     |       off        |        
RUN-1001 :        infer_mult       |     on     |        on        |        
RUN-1001 :        infer_ram        |     on     |        on        |        
RUN-1001 :        infer_reg        |     on     |        on        |        
RUN-1001 :   infer_reg_init_value  |     on     |        on        |        
RUN-1001 :        infer_rom        |     on     |        on        |        
RUN-1001 :      infer_shifter      |     on     |        on        |        
RUN-1001 : --------------------------------------------------------------
RUN-1001 : Print Rtl Property
RUN-1001 : --------------------------------------------------------------
RUN-1001 :        Parameters       |  Settings  |  Default Values  |  Note  
RUN-1001 : --------------------------------------------------------------
RUN-1001 :       compress_add      |   ripple   |      ripple      |        
RUN-1001 :        elf_sload        |    off     |       off        |        
RUN-1001 :       fix_undriven      |     0      |        0         |        
RUN-1001 :         flatten         |    off     |       off        |        
RUN-1001 :       gate_sharing      |     on     |        on        |        
RUN-1001 :    hdl_warning_level    |   normal   |      normal      |        
RUN-1001 :   impl_internal_tribuf  |     on     |        on        |        
RUN-1001 :      impl_set_reset     |     on     |        on        |        
RUN-1001 :        infer_gsr        |    off     |       off        |        
RUN-1001 :      keep_hierarchy     |    auto    |       auto       |        
RUN-1001 :        max_fanout       |    9999    |       9999       |        
RUN-1001 :      max_oh2bin_len     |     10     |        10        |        
RUN-1001 :       merge_equal       |     on     |        on        |        
RUN-1001 :       merge_equiv       |     on     |        on        |        
RUN-1001 :        merge_mux        |    off     |       off        |        
RUN-1001 :     min_control_set     |     8      |        8         |        
RUN-1001 :      min_ripple_len     |    auto    |       auto       |        
RUN-1001 :       oh2bin_ratio      |    0.08    |       0.08       |        
RUN-1001 :     opt_adder_fanout    |     on     |        on        |        
RUN-1001 :        opt_arith        |     on     |        on        |        
RUN-1001 :       opt_big_gate      |    off     |       off        |        
RUN-1001 :        opt_const        |     on     |        on        |        
RUN-1001 :      opt_const_mult     |     on     |        on        |        
RUN-1001 :       opt_lessthan      |     on     |        on        |        
RUN-1001 :         opt_mux         |    off     |       off        |        
RUN-1001 :         opt_ram         |    high    |       high       |        
RUN-1001 :      rtl_sim_model      |    off     |       off        |        
RUN-1001 :         seq_syn         |     on     |        on        |        
RUN-1001 : --------------------------------------------------------------
HDL-1007 : analyze verilog file ../../../rtl/HC_SR04.v
HDL-1007 : analyze verilog file ../../../rtl/uart_tx.v
HDL-1007 : analyze verilog file ../../../rtl/radar_top.v
HDL-1007 : analyze verilog file ../../../rtl/sg90.v
HDL-1007 : analyze verilog file ../../../rtl/uart_rx.v
HDL-1007 : analyze verilog file ../../../rtl/radar_top_auto.v
RUN-1001 : Project manager successfully analyzed 6 source files.
RUN-1002 : start command "import_device eagle_s20.db -package EG4S20BG256"
ARC-1001 : Device Initialization.
ARC-1001 : ------------------------------------------------------------------
ARC-1001 :            OPTION            |          IO          |   SETTING   
ARC-1001 : ------------------------------------------------------------------
ARC-1001 :   cso_b/cclk/mosi/miso/dout  |  T3/R11/T10/P10/S11  |    gpio    
ARC-1001 :             done             |         P13          |    gpio    
ARC-1001 :           program_b          |          T2          |  dedicate  
ARC-1001 :        tdi/tms/tck/tdo       |   C12/A15/C14/E14    |  dedicate  
ARC-1001 : ------------------------------------------------------------------
ARC-1004 : Device setting, marked 5 dedicate IOs in total.
RUN-1002 : start command "import_db ../syn_1/DaChuang_gate.db"
RUN-1001 : Importing database generated by Tang Dynasty, V5.6.71036.
RUN-1001 : Database version number 46146.
RUN-1001 : Import flow parameters
RUN-1001 : Import IO constraints
RUN-1001 : Import Inst constraints
RUN-1001 : Import design success TD_VERSION=5.6.71036 , DB_VERSION=46146
RUN-1002 : start command "config_chipwatcher ../../DaChuang.cwc -dir "
RUN-1002 : start command "legalize_phy_inst"
SYN-1011 : Flatten model radar_top_auto
KIT-1004 : ChipWatcher: import watcher inst auto_chipwatcher_0 completed, there are 2 view nodes, 2 trigger nets, 2 data nets.
KIT-1004 : Chipwatcher code = 0111011000101011
RUN-1002 : start command "compile_watcher"
RUN-1002 : start command "read_verilog -no_sch -dir D:/Anlogic/cw/ -file DaChuang_watcherInst.sv -lib cw -top CW_TOP_WRAPPER"
HDL-1007 : analyze verilog file D:/Anlogic/cw\bus_det.v
HDL-1007 : analyze verilog file D:/Anlogic/cw\bus_top.sv
HDL-1007 : analyze verilog file D:/Anlogic/cw\cfg_int.v
HDL-1007 : analyze verilog file D:/Anlogic/cw\cwc_cfg_int.v
HDL-1007 : analyze verilog file D:/Anlogic/cw\cwc_top.sv
HDL-1007 : analyze verilog file D:/Anlogic/cw\detect_bus.v
HDL-1007 : analyze verilog file D:/Anlogic/cw\detect_non_bus.v
HDL-1007 : analyze verilog file D:/Anlogic/cw\emb_ctrl.v
HDL-1007 : analyze verilog file D:/Anlogic/cw\register.v
HDL-1007 : analyze verilog file D:/Anlogic/cw\tap.v
HDL-1007 : analyze verilog file D:/Anlogic/cw\trigger.sv
HDL-1007 : analyze verilog file DaChuang_watcherInst.sv
HDL-1007 : elaborate module CW_TOP_WRAPPER in DaChuang_watcherInst.sv(1)
HDL-1007 : elaborate module cwc_top(BUS_NUM=2,BUS_DIN_NUM=2,BUS_CTRL_NUM=12,BUS_WIDTH='{32'sb01,32'sb01},BUS_DIN_POS='{32'sb0,32'sb01},BUS_CTRL_POS='{32'sb0,32'sb0110}) in D:/Anlogic/cw\cwc_top.sv(21)
HDL-1007 : elaborate module cwc_cfg_int(CTRL_REG_LEN=34) in D:/Anlogic/cw\cwc_cfg_int.v(21)
HDL-1007 : elaborate module register(CTRL_REG_LEN=34) in D:/Anlogic/cw\register.v(21)
HDL-1007 : elaborate module tap in D:/Anlogic/cw\tap.v(21)
HDL-1007 : elaborate module trigger(BUS_NUM=2,BUS_DIN_NUM=2,BUS_CTRL_NUM=12,BUS_WIDTH='{32'sb01,32'sb01},BUS_DIN_POS='{32'sb0,32'sb01},BUS_CTRL_POS='{32'sb0,32'sb0110}) in D:/Anlogic/cw\trigger.sv(21)
HDL-1007 : elaborate module bus_top(BUS_NODE_NUM=2,BUS_DIN_NUM=2,BUS_CTRL_NUM=12,BUS_WIDTH='{32'sb01,32'sb01},BUS_DIN_POS='{32'sb0,32'sb01},BUS_CTRL_POS='{32'sb0,32'sb0110}) in D:/Anlogic/cw\bus_top.sv(22)
HDL-1007 : elaborate module bus_det(BUS_WIDTH=32'sb01) in D:/Anlogic/cw\bus_det.v(21)
HDL-1007 : elaborate module emb_ctrl in D:/Anlogic/cw\emb_ctrl.v(21)
HDL-1200 : Current top model is CW_TOP_WRAPPER
HDL-1100 : Inferred 0 RAMs.
RUN-1002 : start command "force_keep -a auto_chipwatcher_0_logicbram"
RUN-1002 : start command "optimize_rtl -no_sch"
RUN-1001 : Open license file D:/Anlogic/license/Anlogic.lic
RUN-1001 : Print Global Property
RUN-1001 : ---------------------------------------------------------------
RUN-1001 :        Parameters        |  Settings  |  Default Values  |  Note  
RUN-1001 : ---------------------------------------------------------------
RUN-1001 :          message         |  standard  |     standard     |        
RUN-1001 :   mixed_pack_place_flow  |     on     |        on        |        
RUN-1001 :        qor_monitor       |    off     |       off        |        
RUN-1001 :        syn_ip_flow       |    off     |       off        |        
RUN-1001 :          thread          |    auto    |       auto       |        
RUN-1001 : ---------------------------------------------------------------
RUN-1001 : Print Rtl Property
RUN-1001 : --------------------------------------------------------------
RUN-1001 :        Parameters       |  Settings  |  Default Values  |  Note  
RUN-1001 : --------------------------------------------------------------
RUN-1001 :       compress_add      |   ripple   |      ripple      |        
RUN-1001 :        elf_sload        |    off     |       off        |        
RUN-1001 :       fix_undriven      |     0      |        0         |        
RUN-1001 :         flatten         |    off     |       off        |        
RUN-1001 :       gate_sharing      |     on     |        on        |        
RUN-1001 :    hdl_warning_level    |   normal   |      normal      |        
RUN-1001 :   impl_internal_tribuf  |     on     |        on        |        
RUN-1001 :      impl_set_reset     |     on     |        on        |        
RUN-1001 :        infer_gsr        |    off     |       off        |        
RUN-1001 :      keep_hierarchy     |    auto    |       auto       |        
RUN-1001 :        max_fanout       |    9999    |       9999       |        
RUN-1001 :      max_oh2bin_len     |     10     |        10        |        
RUN-1001 :       merge_equal       |     on     |        on        |        
RUN-1001 :       merge_equiv       |     on     |        on        |        
RUN-1001 :        merge_mux        |    off     |       off        |        
RUN-1001 :     min_control_set     |     8      |        8         |        
RUN-1001 :      min_ripple_len     |    auto    |       auto       |        
RUN-1001 :       oh2bin_ratio      |    0.08    |       0.08       |        
RUN-1001 :     opt_adder_fanout    |     on     |        on        |        
RUN-1001 :        opt_arith        |     on     |        on        |        
RUN-1001 :       opt_big_gate      |    off     |       off        |        
RUN-1001 :        opt_const        |     on     |        on        |        
RUN-1001 :      opt_const_mult     |     on     |        on        |        
RUN-1001 :       opt_lessthan      |     on     |        on        |        
RUN-1001 :         opt_mux         |    off     |       off        |        
RUN-1001 :         opt_ram         |    high    |       high       |        
RUN-1001 :      rtl_sim_model      |    off     |       off        |        
RUN-1001 :         seq_syn         |     on     |        on        |        
RUN-1001 : --------------------------------------------------------------
SYN-1012 : SanityCheck: Model "radar_top_auto"
SYN-1012 : SanityCheck: Model "CW_TOP_WRAPPER"
SYN-1012 : SanityCheck: Model "cwc_top(BUS_NUM=2,BUS_DIN_NUM=2,BUS_CTRL_NUM=12,BUS_WIDTH='{32'sb01,32'sb01},BUS_DIN_POS='{32'sb0,32'sb01},BUS_CTRL_POS='{32'sb0,32'sb0110})"
SYN-1012 : SanityCheck: Model "cwc_cfg_int(CTRL_REG_LEN=34)"
SYN-1012 : SanityCheck: Model "register(CTRL_REG_LEN=34)"
SYN-1012 : SanityCheck: Model "tap"
SYN-1012 : SanityCheck: Model "trigger(BUS_NUM=2,BUS_DIN_NUM=2,BUS_CTRL_NUM=12,BUS_WIDTH='{32'sb01,32'sb01},BUS_DIN_POS='{32'sb0,32'sb01},BUS_CTRL_POS='{32'sb0,32'sb0110})"
SYN-1012 : SanityCheck: Model "bus_top(BUS_NODE_NUM=2,BUS_DIN_NUM=2,BUS_CTRL_NUM=12,BUS_WIDTH='{32'sb01,32'sb01},BUS_DIN_POS='{32'sb0,32'sb01},BUS_CTRL_POS='{32'sb0,32'sb0110})"
SYN-1012 : SanityCheck: Model "bus_det(BUS_WIDTH=32'sb01)"
SYN-1012 : SanityCheck: Model "emb_ctrl"
SYN-1011 : Flatten model radar_top_auto
SYN-1032 : 5026/8 useful/useless nets, 3467/6 useful/useless insts
SYN-1016 : Merged 16 instances.
SYN-1032 : 4891/20 useful/useless nets, 3682/16 useful/useless insts
SYN-1014 : Optimize round 1
SYN-1020 : Optimized 1 distributor mux.
SYN-1015 : Optimize round 1, 165 better
SYN-1014 : Optimize round 2
SYN-1015 : Optimize round 2, 0 better
SYN-1014 : Optimize round 1
SYN-1015 : Optimize round 1, 0 better
RUN-1002 : start command "optimize_gate -no_sch"
RUN-1001 : Open license file D:/Anlogic/license/Anlogic.lic
RUN-1001 : Print Global Property
RUN-1001 : ---------------------------------------------------------------
RUN-1001 :        Parameters        |  Settings  |  Default Values  |  Note  
RUN-1001 : ---------------------------------------------------------------
RUN-1001 :          message         |  standard  |     standard     |        
RUN-1001 :   mixed_pack_place_flow  |     on     |        on        |        
RUN-1001 :        qor_monitor       |    off     |       off        |        
RUN-1001 :        syn_ip_flow       |    off     |       off        |        
RUN-1001 :          thread          |    auto    |       auto       |        
RUN-1001 : ---------------------------------------------------------------
RUN-1001 : Print Gate Property
RUN-1001 : ------------------------------------------------------------------
RUN-1001 :          Parameters         |  Settings  |  Default Values  |  Note  
RUN-1001 : ------------------------------------------------------------------
RUN-1001 :         cascade_dsp         |    off     |       off        |        
RUN-1001 :         cascade_eram        |    off     |       off        |        
RUN-1001 :        gate_sim_model       |    off     |       off        |        
RUN-1001 :        map_sim_model        |    off     |       off        |        
RUN-1001 :         map_strategy        |     1      |        1         |        
RUN-1001 :           opt_area          |   medium   |      medium      |        
RUN-1001 :          opt_timing         |    auto    |       auto       |        
RUN-1001 :         pack_effort         |   medium   |      medium      |        
RUN-1001 :      pack_lslice_ripple     |     on     |        on        |        
RUN-1001 :   pack_lslice_ripple_ratio  |    0.5     |       0.5        |        
RUN-1001 :        pack_seq_in_io       |    auto    |       auto       |        
RUN-1001 :        ph1_mux_ratio        |    1.0     |       1.0        |        
RUN-1001 :            report           |  standard  |     standard     |        
RUN-1001 :           retiming          |    off     |       off        |        
RUN-1001 : ------------------------------------------------------------------
SYN-2001 : Map 7 IOs to PADs
RUN-1002 : start command "update_pll_param -module radar_top_auto"
SYN-2501 : Processed 0 LOGIC_BUF instances.
SYN-2512 : LOGIC BRAM "auto_chipwatcher_0_logicbram"
SYN-2571 : Optimize after map_dsp, round 1
SYN-2571 : Optimize after map_dsp, round 1, 0 better
SYN-1001 : Throwback 3 control mux instances
SYN-2501 : Optimize round 1
SYN-2501 : Optimize round 1, 2 better
SYN-2501 : Optimize round 2
SYN-2501 : Optimize round 2, 0 better
SYN-2501 : Map 10 macro adder
SYN-1019 : Optimized 1 mux instances.
SYN-1016 : Merged 8 instances.
SYN-1032 : 5075/2 useful/useless nets, 3867/1 useful/useless insts
SYN-3001 : Running gate level optimization.
SYN-2581 : Mapping with K=5, #lut = 129 (4.10), #lev = 4 (2.18)
SYN-2551 : Post LUT mapping optimization.
SYN-2581 : Mapping with K=5, #lut = 124 (4.04), #lev = 4 (1.96)
SYN-3001 : Logic optimization runtime opt =   0.01 sec, map =   0.00 sec
SYN-3001 : Mapper mapped 283 instances into 124 LUTs, name keeping = 82%.
SYN-1001 : Packing model "radar_top_auto" ...
SYN-4010 : Pack lib has 58 rtl pack models with 25 top pack blocks
SYN-1014 : Optimize round 1
SYN-1015 : Optimize round 1, 0 better
SYN-4002 : Packing 165 DFF/LATCH to SEQ ...
SYN-4009 : Pack 5 carry chain into lslice
SYN-4007 : Packing 86 adder to BLE ...
SYN-4008 : Packed 86 adder and 0 SEQ to BLE.
SYN-4007 : Packing 0 gate4 to BLE ...
SYN-4008 : Packed 0 gate4 and 0 SEQ to BLE.
SYN-4012 : Packed 0 FxMUX
RUN-1002 : start command "legalize_phy_inst"
SYN-1011 : Flatten model radar_top_auto
KIT-1004 : Compile Chipwatcher: Clear obsolete physical data.
RUN-1002 : start command "place"
RUN-1001 : Open license file D:/Anlogic/license/Anlogic.lic
RUN-1001 : Print Global Property
RUN-1001 : ---------------------------------------------------------------
RUN-1001 :        Parameters        |  Settings  |  Default Values  |  Note  
RUN-1001 : ---------------------------------------------------------------
RUN-1001 :          message         |  standard  |     standard     |        
RUN-1001 :   mixed_pack_place_flow  |     on     |        on        |        
RUN-1001 :        qor_monitor       |    off     |       off        |        
RUN-1001 :        syn_ip_flow       |    off     |       off        |        
RUN-1001 :          thread          |    auto    |       auto       |        
RUN-1001 : ---------------------------------------------------------------
RUN-1001 : Print Place Property
RUN-1001 : --------------------------------------------------------------
RUN-1001 :        Parameters       |  Settings  |  Default Values  |  Note  
RUN-1001 : --------------------------------------------------------------
RUN-1001 :      detailed_place     |     on     |        on        |        
RUN-1001 :          effort         |   medium   |      medium      |        
RUN-1001 :         fix_hold        |    off     |       off        |        
RUN-1001 :       legalization      |    ori     |       ori        |        
RUN-1001 :      new_spreading      |     on     |        on        |        
RUN-1001 :        opt_timing       |   medium   |      medium      |        
RUN-1001 :   post_clock_route_opt  |    off     |       off        |        
RUN-1001 :       pr_strategy       |     1      |        1         |        
RUN-1001 :        relaxation       |    1.00    |       1.00       |        
RUN-1001 :         retiming        |    off     |       off        |        
RUN-1001 : --------------------------------------------------------------
PHY-3001 : Placer runs in 20 thread(s).
RUN-1002 : start command "legalize_phy_inst"
SYN-1011 : Flatten model radar_top_auto
RUN-1002 : start command "phys_opt -simplify_lut"
SYN-4016 : Net config_inst_syn_10 driven by BUFG (87 clock/control pins, 0 other pins).
SYN-4024 : Net "u_radar_top/u_hc_sr04/clk" drives clk pins.
SYN-4025 : Tag rtl::Net config_inst_syn_10 as clock net
SYN-4025 : Tag rtl::Net u_radar_top/u_hc_sr04/clk as clock net
SYN-4026 : Tagged 2 rtl::Net as clock net
PHY-1001 : Populate physical database on model radar_top_auto.
RUN-1001 : There are total 3602 instances
RUN-0007 : 1742 luts, 604 seqs, 813 mslices, 425 lslices, 7 pads, 2 brams, 5 dsps
RUN-1001 : There are total 4811 nets
RUN-1001 : 2958 nets have 2 pins
RUN-1001 : 1460 nets have [3 - 5] pins
RUN-1001 : 245 nets have [6 - 10] pins
RUN-1001 : 94 nets have [11 - 20] pins
RUN-1001 : 50 nets have [21 - 99] pins
RUN-1001 : 4 nets have 100+ pins
RUN-1001 : Report Control nets information:
RUN-1001 : DFF Distribution
RUN-1001 : ----------------------------------
RUN-1001 :   CE   |  SSR  |  ASR  |  DFF Count  
RUN-1001 : ----------------------------------
RUN-1001 :   No   |  No   |  No   |     27      
RUN-1001 :   No   |  No   |  Yes  |     244     
RUN-1001 :   No   |  Yes  |  No   |      0      
RUN-1001 :   Yes  |  No   |  No   |     24      
RUN-1001 :   Yes  |  No   |  Yes  |     309     
RUN-1001 :   Yes  |  Yes  |  No   |      0      
RUN-1001 : ----------------------------------
RUN-0007 : Control Group Statistic
RUN-0007 : ---------------------------
RUN-0007 :   #CLK  |  #CE  |  #SSR/ASR  
RUN-0007 : ---------------------------
RUN-0007 :    2    |  15   |     5      
RUN-0007 : ---------------------------
RUN-0007 : Control Set = 19
PHY-3001 : Initial placement ...
PHY-3001 : design contains 3600 instances, 1742 luts, 604 seqs, 1238 slices, 226 macros(1238 instances: 813 mslices 425 lslices)
PHY-0007 : Cell area utilization is 21%
PHY-3001 : Global placement ...
PHY-3001 : Initial: Len = 1.22315e+06
PHY-3001 : Clustering ...
PHY-3001 : Level 0 #clusters 3600.
PHY-3001 : End clustering;  0.000025s wall, 0.000000s user + 0.000000s system = 0.000000s CPU (n/a%)

PHY-3001 : Run with size of 4
PHY-3001 : Cell area utilization is 21%
PHY-3001 : :::0::: Try harder cell spreading with beta_ = 0
PHY-3002 : Step(1): len = 742874, overlap = 15.75
PHY-3002 : Step(2): len = 631526, overlap = 16
PHY-3002 : Step(3): len = 346623, overlap = 50.0625
PHY-3002 : Step(4): len = 318279, overlap = 80
PHY-3002 : Step(5): len = 227621, overlap = 112.062
PHY-3002 : Step(6): len = 200112, overlap = 115.562
PHY-3002 : Step(7): len = 175473, overlap = 126.344
PHY-3002 : Step(8): len = 150914, overlap = 142.594
PHY-3002 : Step(9): len = 146702, overlap = 146.5
PHY-3002 : Step(10): len = 129211, overlap = 164.188
PHY-3002 : Step(11): len = 123825, overlap = 168
PHY-3002 : Step(12): len = 111206, overlap = 181.531
PHY-3002 : Step(13): len = 111781, overlap = 182.062
PHY-3002 : Step(14): len = 102125, overlap = 181.812
PHY-3002 : Step(15): len = 100869, overlap = 179.781
PHY-3002 : Step(16): len = 94515.2, overlap = 183.656
PHY-3001 : :::1::: Try harder cell spreading with beta_ = 1.15825e-05
PHY-3002 : Step(17): len = 96146.3, overlap = 158.625
PHY-3002 : Step(18): len = 97357.7, overlap = 158.719
PHY-3002 : Step(19): len = 101279, overlap = 121.969
PHY-3002 : Step(20): len = 103804, overlap = 124.844
PHY-3002 : Step(21): len = 100910, overlap = 130.625
PHY-3002 : Step(22): len = 100482, overlap = 128.281
PHY-3002 : Step(23): len = 99651.6, overlap = 125.125
PHY-3002 : Step(24): len = 99671.6, overlap = 128.562
PHY-3002 : Step(25): len = 97244, overlap = 124.625
PHY-3002 : Step(26): len = 96758, overlap = 114.75
PHY-3002 : Step(27): len = 95613.3, overlap = 115.844
PHY-3002 : Step(28): len = 93789.6, overlap = 116.562
PHY-3002 : Step(29): len = 91869.5, overlap = 114.844
PHY-3002 : Step(30): len = 91549.4, overlap = 117.219
PHY-3002 : Step(31): len = 89473.6, overlap = 115.938
PHY-3002 : Step(32): len = 89139.3, overlap = 114.156
PHY-3002 : Step(33): len = 87380, overlap = 117.312
PHY-3002 : Step(34): len = 86537.2, overlap = 110.062
PHY-3002 : Step(35): len = 86175.5, overlap = 113.688
PHY-3002 : Step(36): len = 86350.1, overlap = 107.812
PHY-3002 : Step(37): len = 85013.3, overlap = 100.25
PHY-3002 : Step(38): len = 84696.2, overlap = 98
PHY-3002 : Step(39): len = 82369.5, overlap = 99.4688
PHY-3002 : Step(40): len = 81605.7, overlap = 103.531
PHY-3002 : Step(41): len = 80401.3, overlap = 99.6562
PHY-3002 : Step(42): len = 79301.3, overlap = 106.719
PHY-3002 : Step(43): len = 78741.5, overlap = 109.156
PHY-3002 : Step(44): len = 76694.7, overlap = 114.375
PHY-3002 : Step(45): len = 75589.4, overlap = 109.781
PHY-3002 : Step(46): len = 75365.8, overlap = 113.781
PHY-3002 : Step(47): len = 75013.7, overlap = 107.281
PHY-3002 : Step(48): len = 74984.7, overlap = 108.938
PHY-3002 : Step(49): len = 74369.9, overlap = 96.8438
PHY-3002 : Step(50): len = 73393.3, overlap = 96.4375
PHY-3002 : Step(51): len = 72259.4, overlap = 93.5
PHY-3002 : Step(52): len = 72325.9, overlap = 97.3125
PHY-3002 : Step(53): len = 72365.5, overlap = 94.7188
PHY-3002 : Step(54): len = 72038.8, overlap = 93.0938
PHY-3001 : :::2::: Try harder cell spreading with beta_ = 2.31651e-05
PHY-3002 : Step(55): len = 70974.7, overlap = 93.5625
PHY-3002 : Step(56): len = 70877.9, overlap = 95.0625
PHY-3002 : Step(57): len = 70795.2, overlap = 98.375
PHY-3001 : :::3::: Try harder cell spreading with beta_ = 4.63302e-05
PHY-3002 : Step(58): len = 72075.5, overlap = 97.0938
PHY-3002 : Step(59): len = 72314, overlap = 97.125
PHY-3002 : Step(60): len = 73346, overlap = 92.4062
PHY-3001 : Legalization ...
PHY-3001 : End legalization;  0.009142s wall, 0.000000s user + 0.000000s system = 0.000000s CPU (n/a%)

PHY-3001 : Run with size of 4
PHY-3001 : Cell area utilization is 26%
PHY-3001 : :::0::: Try harder cell spreading with beta_ = 1.19876e-06
PHY-3002 : Step(61): len = 73480, overlap = 205.406
PHY-3002 : Step(62): len = 73645, overlap = 207.75
PHY-3002 : Step(63): len = 71365.8, overlap = 215.875
PHY-3002 : Step(64): len = 71522.2, overlap = 217.531
PHY-3002 : Step(65): len = 67165.4, overlap = 230.562
PHY-3002 : Step(66): len = 67383, overlap = 229.562
PHY-3002 : Step(67): len = 65903.1, overlap = 251.031
PHY-3002 : Step(68): len = 63427.3, overlap = 265.406
PHY-3002 : Step(69): len = 59990.7, overlap = 290.625
PHY-3002 : Step(70): len = 59680, overlap = 314.938
PHY-3002 : Step(71): len = 58816.6, overlap = 326.25
PHY-3001 : :::1::: Try harder cell spreading with beta_ = 2.39752e-06
PHY-3002 : Step(72): len = 58413.7, overlap = 324.25
PHY-3002 : Step(73): len = 59259.1, overlap = 325.188
PHY-3002 : Step(74): len = 62095.7, overlap = 317.156
PHY-3001 : :::2::: Try harder cell spreading with beta_ = 4.79503e-06
PHY-3002 : Step(75): len = 62525.3, overlap = 286
PHY-3002 : Step(76): len = 64088, overlap = 278.312
PHY-3002 : Step(77): len = 70757.6, overlap = 242.375
PHY-3002 : Step(78): len = 72603.4, overlap = 221.562
PHY-3002 : Step(79): len = 67290.3, overlap = 208.344
PHY-3002 : Step(80): len = 67756.9, overlap = 203.219
PHY-3002 : Step(81): len = 68270.2, overlap = 203.281
PHY-3002 : Step(82): len = 68435.1, overlap = 204.031
PHY-3001 : :::3::: Try harder cell spreading with beta_ = 9.59007e-06
PHY-3002 : Step(83): len = 67429.3, overlap = 205.625
PHY-3002 : Step(84): len = 68006.5, overlap = 205.344
PHY-3002 : Step(85): len = 70742.1, overlap = 201.688
PHY-3001 : :::4::: Try harder cell spreading with beta_ = 1.91801e-05
PHY-3002 : Step(86): len = 73991.2, overlap = 194.344
PHY-3002 : Step(87): len = 75653.3, overlap = 194.531
PHY-3002 : Step(88): len = 78149.7, overlap = 146.781
PHY-3002 : Step(89): len = 79434.1, overlap = 136.781
PHY-3002 : Step(90): len = 76053, overlap = 134.156
PHY-3002 : Step(91): len = 76231.1, overlap = 133.125
PHY-3002 : Step(92): len = 76545.7, overlap = 131.938
PHY-3001 : :::5::: Try harder cell spreading with beta_ = 3.83603e-05
PHY-3002 : Step(93): len = 76344.3, overlap = 126.562
PHY-3002 : Step(94): len = 76491.7, overlap = 128.656
PHY-3002 : Step(95): len = 78179.1, overlap = 129.531
PHY-3001 : :::6::: Try harder cell spreading with beta_ = 7.67205e-05
PHY-3002 : Step(96): len = 79672.8, overlap = 121.438
PHY-3002 : Step(97): len = 80472.3, overlap = 116.969
PHY-3002 : Step(98): len = 82101, overlap = 110.656
PHY-3002 : Step(99): len = 82350.3, overlap = 102.812
PHY-3002 : Step(100): len = 81290.4, overlap = 97.875
PHY-3002 : Step(101): len = 81207, overlap = 100.75
PHY-3002 : Step(102): len = 81012.3, overlap = 102.969
PHY-3001 : :::7::: Try harder cell spreading with beta_ = 0.000153441
PHY-3002 : Step(103): len = 81331.9, overlap = 99.1875
PHY-3002 : Step(104): len = 81331.9, overlap = 99.1875
PHY-3002 : Step(105): len = 81188.2, overlap = 97.5312
PHY-3001 : :::8::: Try harder cell spreading with beta_ = 0.000306882
PHY-3002 : Step(106): len = 82267.3, overlap = 94.4688
PHY-3002 : Step(107): len = 82267.3, overlap = 94.4688
PHY-3002 : Step(108): len = 82523.7, overlap = 88
PHY-3001 : Run with size of 2
PHY-3001 : Cell area utilization is 26%
PHY-3001 : :::0::: Try harder cell spreading with beta_ = 1.41114e-05
PHY-3002 : Step(109): len = 88270, overlap = 211.219
PHY-3002 : Step(110): len = 89133.2, overlap = 214.062
PHY-3002 : Step(111): len = 87495.5, overlap = 201.781
PHY-3002 : Step(112): len = 87924.1, overlap = 197.125
PHY-3002 : Step(113): len = 86766.1, overlap = 193.438
PHY-3002 : Step(114): len = 85687.5, overlap = 191.5
PHY-3002 : Step(115): len = 82810.2, overlap = 189.281
PHY-3002 : Step(116): len = 82704.7, overlap = 180.312
PHY-3002 : Step(117): len = 80071.2, overlap = 194.094
PHY-3002 : Step(118): len = 79903.6, overlap = 192.875
PHY-3002 : Step(119): len = 79284.2, overlap = 210.688
PHY-3002 : Step(120): len = 79079.5, overlap = 210
PHY-3002 : Step(121): len = 77723.9, overlap = 211.969
PHY-3002 : Step(122): len = 77399.2, overlap = 205.469
PHY-3002 : Step(123): len = 76249.8, overlap = 210.594
PHY-3002 : Step(124): len = 76370.6, overlap = 217
PHY-3002 : Step(125): len = 76421.6, overlap = 212.875
PHY-3001 : :::1::: Try harder cell spreading with beta_ = 2.82228e-05
PHY-3002 : Step(126): len = 79553, overlap = 179.531
PHY-3002 : Step(127): len = 80002.7, overlap = 173.469
PHY-3002 : Step(128): len = 81117.9, overlap = 169.656
PHY-3002 : Step(129): len = 81717.8, overlap = 161.406
PHY-3002 : Step(130): len = 82409.3, overlap = 159.781
PHY-3001 : :::2::: Try harder cell spreading with beta_ = 5.64457e-05
PHY-3002 : Step(131): len = 83561, overlap = 158.531
PHY-3002 : Step(132): len = 83741.3, overlap = 158.688
PHY-3002 : Step(133): len = 85519.9, overlap = 135.719
PHY-3002 : Step(134): len = 86238.6, overlap = 143.625
PHY-3002 : Step(135): len = 88345.3, overlap = 138.656
PHY-3001 : :::3::: Try harder cell spreading with beta_ = 0.000112891
PHY-3002 : Step(136): len = 89300.1, overlap = 139.188
PHY-3002 : Step(137): len = 89520.4, overlap = 138.5
PHY-3002 : Step(138): len = 90717.1, overlap = 132.531
PHY-3002 : Step(139): len = 91670.2, overlap = 127.125
PHY-3002 : Step(140): len = 91992.7, overlap = 129.531
PHY-3002 : Step(141): len = 92070.5, overlap = 120.562
PHY-3002 : Step(142): len = 91764, overlap = 115.969
PHY-3002 : Step(143): len = 91546.9, overlap = 111.969
PHY-3002 : Step(144): len = 91423.8, overlap = 114.125
OPT-1001 : Start physical optimization ...
OPT-1001 : Total overflow 321.50 peak overflow 3.78
OPT-1001 : Start high-fanout net optimization ...
OPT-1001 : Update timing in global mode
PHY-1001 : Start incremental global routing, caller is place ...
RUN-1001 : Generating global routing grids ...
RUN-1001 : Building simple global routing graph ...
PHY-1001 : Generate routing nets ...
PHY-1001 : Reuse net number 0/4811.
PHY-1001 : Global iterations in 20 thread ...
PHY-1002 : len = 112304, over cnt = 608(1%), over = 2054, worst = 19
PHY-1001 : End global iterations;  0.130303s wall, 0.000000s user + 0.000000s system = 0.000000s CPU (n/a%)

PHY-1001 : Congestion index: top1 = 39.07, top5 = 30.11, top10 = 24.92, top15 = 21.28.
PHY-1001 : End incremental global routing;  0.202482s wall, 0.000000s user + 0.000000s system = 0.000000s CPU (n/a%)

RUN-1002 : start command "start_timer -report"
TMR-5001 WARNING: No sdc constraints found while initiating timer.
TMR-2505 : Start building timing graph for model radar_top_auto.
TMR-2506 : Build timing graph completely. Port num: 7, tpin num: 17656, tnet num: 4809, tinst num: 3600, tnode num: 19797, tedge num: 29858.
TMR-2508 : Levelizing timing graph completed, there are 293 levels in total.
TMR-2501 : Timing graph initialized successfully.
OPT-1001 : End timing update;  0.202853s wall, 0.000000s user + 0.000000s system = 0.000000s CPU (n/a%)

OPT-1001 : 0 high-fanout net processed.
OPT-1001 : End high-fanout net optimization;  0.454037s wall, 0.000000s user + 0.000000s system = 0.000000s CPU (n/a%)

OPT-1001 : Current memory(MB): used = 254, reserve = 224, peak = 254.
OPT-1001 : End physical optimization;  0.486037s wall, 0.000000s user + 0.000000s system = 0.000000s CPU (n/a%)

PHY-3001 : Start packing ...
SYN-4007 : Packing 0 MUX to BLE ...
SYN-4008 : Packed 0 MUX and 0 SEQ to BLE.
SYN-4007 : Packing 1742 LUT to BLE ...
SYN-4008 : Packed 1742 LUT and 388 SEQ to BLE.
SYN-4003 : Packing 216 remaining SEQ's ...
SYN-4005 : Packed 116 SEQ with LUT/SLICE
SYN-4006 : 1262 single LUT's are left
SYN-4006 : 100 single SEQ's are left
SYN-4011 : Packing model "radar_top_auto" (AL_USER_NORMAL) with 1842/3102 primitive instances ...
PHY-3001 : End packing;  0.098793s wall, 0.046875s user + 0.000000s system = 0.046875s CPU (47.4%)

PHY-1001 : Populate physical database on model radar_top_auto.
RUN-1001 : There are total 2206 instances
RUN-1001 : 1094 mslices, 1094 lslices, 7 pads, 2 brams, 5 dsps
RUN-1001 : There are total 4468 nets
RUN-1001 : 2629 nets have 2 pins
RUN-1001 : 1447 nets have [3 - 5] pins
RUN-1001 : 245 nets have [6 - 10] pins
RUN-1001 : 98 nets have [11 - 20] pins
RUN-1001 : 45 nets have [21 - 99] pins
RUN-1001 : 4 nets have 100+ pins
PHY-3001 : design contains 2204 instances, 2188 slices, 226 macros(1238 instances: 813 mslices 425 lslices)
PHY-3001 : Cell area utilization is 27%
PHY-3001 : After packing: Len = 91885, Over = 131.75
PHY-3001 : Run with size of 2
PHY-3001 : Cell area utilization is 27%
PHY-3001 : :::0::: Try harder cell spreading with beta_ = 1.63965e-05
PHY-3002 : Step(145): len = 87923.4, overlap = 146
PHY-3002 : Step(146): len = 87949.2, overlap = 147
PHY-3002 : Step(147): len = 85094.4, overlap = 156.5
PHY-3002 : Step(148): len = 84332.8, overlap = 159
PHY-3002 : Step(149): len = 81306.1, overlap = 171.5
PHY-3002 : Step(150): len = 80960.5, overlap = 177.5
PHY-3002 : Step(151): len = 79575, overlap = 177.75
PHY-3002 : Step(152): len = 79777.1, overlap = 174.5
PHY-3002 : Step(153): len = 80044.9, overlap = 171
PHY-3001 : :::1::: Try harder cell spreading with beta_ = 3.2793e-05
PHY-3002 : Step(154): len = 84790.9, overlap = 164.75
PHY-3002 : Step(155): len = 85243.8, overlap = 161.75
PHY-3002 : Step(156): len = 86717.8, overlap = 142.75
PHY-3002 : Step(157): len = 87310.4, overlap = 142.25
PHY-3002 : Step(158): len = 87732, overlap = 143.25
PHY-3001 : :::2::: Try harder cell spreading with beta_ = 6.55859e-05
PHY-3002 : Step(159): len = 90473.5, overlap = 140
PHY-3002 : Step(160): len = 91316.3, overlap = 138.75
PHY-3002 : Step(161): len = 93653, overlap = 135.75
PHY-3001 : Legalization ...
PHY-3001 : End legalization;  0.217920s wall, 0.000000s user + 0.000000s system = 0.000000s CPU (n/a%)

PHY-3001 : Trial Legalized: Len = 125737
PHY-3001 : Run with size of 2
PHY-3001 : Cell area utilization is 26%
PHY-3001 : :::0::: Try harder cell spreading with beta_ = 0.0001242
PHY-3002 : Step(162): len = 108116, overlap = 33.75
PHY-3002 : Step(163): len = 105273, overlap = 41.5
PHY-3002 : Step(164): len = 102993, overlap = 40.5
PHY-3002 : Step(165): len = 102929, overlap = 41
PHY-3002 : Step(166): len = 102675, overlap = 41.75
PHY-3001 : :::1::: Try harder cell spreading with beta_ = 0.000248399
PHY-3002 : Step(167): len = 105810, overlap = 39.75
PHY-3002 : Step(168): len = 106611, overlap = 40.25
PHY-3002 : Step(169): len = 107372, overlap = 39.25
PHY-3002 : Step(170): len = 107657, overlap = 38.75
PHY-3002 : Step(171): len = 108225, overlap = 39
PHY-3001 : :::2::: Try harder cell spreading with beta_ = 0.000455017
PHY-3002 : Step(172): len = 109906, overlap = 38.5
PHY-3002 : Step(173): len = 111349, overlap = 37.75
PHY-3002 : Step(174): len = 113232, overlap = 36.25
PHY-3001 : Legalization ...
PHY-3001 : End legalization;  0.007691s wall, 0.000000s user + 0.000000s system = 0.000000s CPU (n/a%)

PHY-3001 : Legalized: Len = 121325, Over = 0
PHY-3001 : Spreading special nets. 1 overflows in 2952 tiles.
PHY-3001 : End spreading;  0.007566s wall, 0.000000s user + 0.000000s system = 0.000000s CPU (n/a%)

PHY-3001 : 2 instances has been re-located, deltaX = 0, deltaY = 2, maxDist = 1.
PHY-3001 : Final: Len = 121369, Over = 0
OPT-1001 : Start physical optimization ...
OPT-1001 : Total overflow 0.00 peak overflow 0.00
OPT-1001 : Start high-fanout net optimization ...
OPT-1001 : Update timing in global mode
PHY-1001 : Start incremental global routing, caller is place ...
RUN-1001 : Generating global routing grids ...
PHY-1001 : Generate routing nets ...
PHY-1001 : Reuse net number 160/4468.
PHY-1001 : Global iterations in 20 thread ...
PHY-1002 : len = 148112, over cnt = 483(1%), over = 812, worst = 6
PHY-1002 : len = 151832, over cnt = 256(0%), over = 367, worst = 5
PHY-1002 : len = 155168, over cnt = 79(0%), over = 100, worst = 4
PHY-1002 : len = 156264, over cnt = 17(0%), over = 17, worst = 1
PHY-1002 : len = 156512, over cnt = 0(0%), over = 0, worst = 0
PHY-1001 : End global iterations;  0.349922s wall, 0.031250s user + 0.000000s system = 0.031250s CPU (8.9%)

PHY-1001 : Congestion index: top1 = 33.79, top5 = 28.34, top10 = 25.19, top15 = 22.99.
PHY-1001 : End incremental global routing;  0.430380s wall, 0.031250s user + 0.000000s system = 0.031250s CPU (7.3%)

RUN-1002 : start command "start_timer -report"
TMR-5001 WARNING: No sdc constraints found while initiating timer.
TMR-2505 : Start building timing graph for model radar_top_auto.
TMR-2506 : Build timing graph completely. Port num: 7, tpin num: 16309, tnet num: 4466, tinst num: 2204, tnode num: 17834, tedge num: 28263.
TMR-2508 : Levelizing timing graph completed, there are 291 levels in total.
TMR-2501 : Timing graph initialized successfully.
OPT-1001 : End timing update;  0.270497s wall, 0.015625s user + 0.000000s system = 0.015625s CPU (5.8%)

OPT-1001 : 0 high-fanout net processed.
OPT-1001 : End high-fanout net optimization;  0.757622s wall, 0.046875s user + 0.000000s system = 0.046875s CPU (6.2%)

OPT-1001 : Current memory(MB): used = 265, reserve = 235, peak = 265.
OPT-1001 : Update timing in Manhattan mode
OPT-1001 : End timing update;  0.004179s wall, 0.000000s user + 0.000000s system = 0.000000s CPU (n/a%)

OPT-1001 : Start pin optimization...
OPT-1001 : skip pin optimization...
RUN-1001 : Generating global routing grids ...
PHY-1001 : Generate routing nets ...
PHY-1001 : Reuse net number 3766/4468.
PHY-1001 : Global iterations in 20 thread ...
PHY-1002 : len = 156512, over cnt = 0(0%), over = 0, worst = 0
PHY-1001 : End global iterations;  0.015243s wall, 0.000000s user + 0.000000s system = 0.000000s CPU (n/a%)

PHY-1001 : Congestion index: top1 = 33.79, top5 = 28.34, top10 = 25.19, top15 = 22.99.
OPT-1001 : Update timing in Manhattan mode
OPT-1001 : End timing update;  0.005799s wall, 0.015625s user + 0.000000s system = 0.015625s CPU (269.4%)

RUN-1001 : QoR Analysis:
OPT-0007 :   WNS 2147483647 TNS 0 NUM_FEPS 0
RUN-1001 :   No local congestion issue, and most congested 1% tile average routing util is 33.310345
RUN-1001 :   Top critical paths
OPT-1001 : End physical optimization;  0.896833s wall, 0.078125s user + 0.000000s system = 0.078125s CPU (8.7%)

RUN-1003 : finish command "place" in  6.144692s wall, 0.703125s user + 0.203125s system = 0.906250s CPU (14.7%)

RUN-1004 : used memory is 228 MB, reserved memory is 198 MB, peak memory is 267 MB
RUN-1002 : start command "export_db DaChuang_place.db"
RUN-1001 : Exported /
RUN-1001 : Exported flow parameters
RUN-1001 : Exported libs
RUN-1001 : Exported entities
RUN-1001 : Exported ports
RUN-1001 : Exported pins
RUN-1001 : Exported instances
RUN-1001 : Exported nets
RUN-1001 : Exported buses
RUN-1001 : Exported models
RUN-1001 : Exported congestions
RUN-1001 : Exported violations
RUN-1001 : Exported IO constraints
RUN-1001 : Exported Inst constraints
RUN-1001 : Exported ChipWatcher
RUN-1002 : start command "route"
RUN-1001 : Open license file D:/Anlogic/license/Anlogic.lic
RUN-1001 : Print Global Property
RUN-1001 : ---------------------------------------------------------------
RUN-1001 :        Parameters        |  Settings  |  Default Values  |  Note  
RUN-1001 : ---------------------------------------------------------------
RUN-1001 :          message         |  standard  |     standard     |        
RUN-1001 :   mixed_pack_place_flow  |     on     |        on        |        
RUN-1001 :        qor_monitor       |    off     |       off        |        
RUN-1001 :        syn_ip_flow       |    off     |       off        |        
RUN-1001 :          thread          |    auto    |       auto       |        
RUN-1001 : ---------------------------------------------------------------
RUN-1001 : Print Route Property
RUN-1001 : -------------------------------------------------------
RUN-1001 :    Parameters    |  Settings  |  Default Values  |  Note  
RUN-1001 : -------------------------------------------------------
RUN-1001 :      effort      |   medium   |      medium      |        
RUN-1001 :     fix_hold     |    off     |       off        |        
RUN-1001 :    opt_timing    |   medium   |      medium      |        
RUN-1001 :   phy_sim_model  |    off     |       off        |        
RUN-1001 :     priority     |   timing   |      timing      |        
RUN-1001 :     swap_pin     |     on     |        on        |        
RUN-1001 : -------------------------------------------------------
PHY-1001 : Route runs in 20 thread(s)
RUN-1001 : There are total 2206 instances
RUN-1001 : 1094 mslices, 1094 lslices, 7 pads, 2 brams, 5 dsps
RUN-1001 : There are total 4468 nets
RUN-1001 : 2629 nets have 2 pins
RUN-1001 : 1447 nets have [3 - 5] pins
RUN-1001 : 245 nets have [6 - 10] pins
RUN-1001 : 98 nets have [11 - 20] pins
RUN-1001 : 45 nets have [21 - 99] pins
RUN-1001 : 4 nets have 100+ pins
RUN-1002 : start command "start_timer -report"
TMR-5001 WARNING: No sdc constraints found while initiating timer.
TMR-2505 : Start building timing graph for model radar_top_auto.
TMR-2506 : Build timing graph completely. Port num: 7, tpin num: 16309, tnet num: 4466, tinst num: 2204, tnode num: 17834, tedge num: 28263.
TMR-2508 : Levelizing timing graph completed, there are 291 levels in total.
TMR-2501 : Timing graph initialized successfully.
PHY-1001 : 1094 mslices, 1094 lslices, 7 pads, 2 brams, 5 dsps
TMR-2503 : Start to update net delay, extr mode = 3.
TMR-2504 : Update delay of 4466 nets completely.
TMR-2502 : Annotate delay completely, extr mode = 3.
TMR-3002 : No user constraint, initiate default constraint.
TMR-1501 : Assign derive clock DeriveClock to 744 clock pins, and constraint 1525 relative nodes.
TMR-3003 : Constraints initiated successfully.
TMR-3501 : Forward propagation: start to calculate arrival time...
TMR-3502 : Backward propagation: start to calculate required time...
TMR-3503 : Timing propagation completes.
PHY-1001 : Start global routing, caller is route ...
RUN-1001 : Generating global routing grids ...
PHY-1001 : Generate routing nets ...
PHY-1001 : Global iterations in 20 thread ...
PHY-1002 : len = 147312, over cnt = 467(1%), over = 796, worst = 6
PHY-1002 : len = 150944, over cnt = 251(0%), over = 364, worst = 6
PHY-1002 : len = 154944, over cnt = 24(0%), over = 28, worst = 2
PHY-1002 : len = 155344, over cnt = 0(0%), over = 0, worst = 0
PHY-1001 : End global iterations;  0.552007s wall, 0.109375s user + 0.000000s system = 0.109375s CPU (19.8%)

PHY-1001 : Congestion index: top1 = 33.64, top5 = 28.30, top10 = 25.19, top15 = 22.87.
PHY-1001 : End global routing;  0.667951s wall, 0.171875s user + 0.000000s system = 0.171875s CPU (25.7%)

PHY-1001 : Start detail routing ...
PHY-1001 : Current memory(MB): used = 308, reserve = 279, peak = 327.
PHY-1001 : Detailed router is running in normal mode.
PHY-1001 : Generate detailed routing grids ...
PHY-1001 : Generate nets ...
PHY-1001 : net u_radar_top/u_hc_sr04/clk will be routed on clock mesh
PHY-1001 : clock net config_inst_syn_10 will be merged with clock config_inst_syn_9
PHY-1001 : Current memory(MB): used = 576, reserve = 552, peak = 576.
PHY-1001 : End build detailed router design. 4.414693s wall, 1.328125s user + 0.031250s system = 1.359375s CPU (30.8%)

PHY-1001 : Detail Route ...
PHY-1001 : ===== Detail Route Phase 1 =====
PHY-1001 : Clock net routing.....
PHY-1001 : Routed 0% nets.
PHY-1022 : len = 20568, over cnt = 0(0%), over = 0, worst = 0, crit = 0
PHY-1001 : End initial clock net routed; 0.362193s wall, 0.078125s user + 0.000000s system = 0.078125s CPU (21.6%)

PHY-1001 : Current memory(MB): used = 607, reserve = 584, peak = 607.
PHY-1001 : End phase 1; 0.370048s wall, 0.078125s user + 0.000000s system = 0.078125s CPU (21.1%)

PHY-1001 : ===== Detail Route Phase 2 =====
PHY-1001 : Initial routing.....
PHY-1001 : Routed 30% nets.
PHY-1001 : Routed 35% nets.
PHY-1001 : Routed 42% nets.
PHY-1001 : Routed 55% nets.
PHY-1001 : Routed 77% nets.
PHY-1022 : len = 409040, over cnt = 90(0%), over = 90, worst = 1, crit = 0
PHY-1001 : Current memory(MB): used = 609, reserve = 585, peak = 609.
PHY-1001 : End initial routed; 2.557739s wall, 0.843750s user + 0.046875s system = 0.890625s CPU (34.8%)

PHY-1001 : Current memory(MB): used = 609, reserve = 585, peak = 609.
PHY-1001 : End phase 2; 2.557837s wall, 0.843750s user + 0.046875s system = 0.890625s CPU (34.8%)

PHY-1001 : ===== Detail Route Phase 3 =====
PHY-1001 : Ripup-reroute.....
PHY-1001 : ===== DR Iter 1 =====
PHY-1022 : len = 408352, over cnt = 11(0%), over = 11, worst = 1, crit = 0
PHY-1001 : End DR Iter 1; 0.071960s wall, 0.000000s user + 0.000000s system = 0.000000s CPU (n/a%)

PHY-1001 : ===== DR Iter 2 =====
PHY-1022 : len = 408368, over cnt = 1(0%), over = 1, worst = 1, crit = 0
PHY-1001 : End DR Iter 2; 0.070479s wall, 0.000000s user + 0.000000s system = 0.000000s CPU (n/a%)

PHY-1001 : ===== DR Iter 3 =====
PHY-1022 : len = 408360, over cnt = 0(0%), over = 0, worst = 0, crit = 0
PHY-1001 : End DR Iter 3; 0.038944s wall, 0.000000s user + 0.015625s system = 0.015625s CPU (40.1%)

PHY-1001 : Commit to database.....
PHY-1001 : 4 feed throughs used by 4 nets
PHY-1001 : End commit to database; 0.570984s wall, 0.203125s user + 0.031250s system = 0.234375s CPU (41.0%)

PHY-1001 : Current memory(MB): used = 636, reserve = 613, peak = 636.
PHY-1001 : End phase 3; 0.973666s wall, 0.328125s user + 0.046875s system = 0.375000s CPU (38.5%)

PHY-1003 : Routed, final wirelength = 408360
PHY-1001 : Current memory(MB): used = 636, reserve = 613, peak = 636.
PHY-1001 : End export database. 0.020063s wall, 0.000000s user + 0.000000s system = 0.000000s CPU (n/a%)

PHY-1001 : End detail routing;  8.628230s wall, 2.671875s user + 0.140625s system = 2.812500s CPU (32.6%)

RUN-1003 : finish command "route" in  9.976742s wall, 2.984375s user + 0.140625s system = 3.125000s CPU (31.3%)

RUN-1004 : used memory is 543 MB, reserved memory is 522 MB, peak memory is 636 MB
RUN-1002 : start command "report_area -io_info -file DaChuang_phy.area"
RUN-1001 : standard
***Report Model: radar_top_auto Device: EG4S20BG256***

IO Statistics
#IO                         7
  #input                    4
  #output                   3
  #inout                    0

Utilization Statistics
#lut                     4218   out of  19600   21.52%
#reg                      605   out of  19600    3.09%
#le                      4318
  #lut only              3713   out of   4318   85.99%
  #reg only               100   out of   4318    2.32%
  #lut&reg                505   out of   4318   11.70%
#dsp                        5   out of     29   17.24%
#bram                       2   out of     64    3.12%
  #bram9k                   2
  #fifo9k                   0
#bram32k                    0   out of     16    0.00%
#pad                        7   out of    188    3.72%
  #ireg                     2
  #oreg                     3
  #treg                     0
#pll                        0   out of      4    0.00%
#gclk                       1   out of     16    6.25%

Clock Resource Statistics
Index     ClockNet                     Type               DriverType         Driver              Fanout
#1        u_radar_top/u_hc_sr04/clk    GCLK               io                 clk_syn_2.di        325
#2        config_inst_syn_9            GCLK               config             config_inst.jtck    47


Detailed IO Report

     Name        Direction    Location    IOStandard    DriveStrength    PullType    PackReg  
      clk          INPUT         R7        LVCMOS25          N/A          PULLUP      NONE    
     echo          INPUT        R16        LVCMOS25          N/A          PULLUP      IREG    
     rst_n         INPUT         A9        LVCMOS25          N/A          PULLUP      NONE    
  uart_rx_in       INPUT        F12        LVCMOS25          N/A          PULLUP      IREG    
   servo_pwm      OUTPUT        M11        LVCMOS25           8            NONE       OREG    
     trig         OUTPUT        P12        LVCMOS25           8            NONE       OREG    
  uart_tx_out     OUTPUT        D12        LVCMOS25           8            NONE       OREG    

Report Hierarchy Area:
+---------------------------------------------------------------------------------------------------------+
|Instance                            |Module         |le     |lut     |ripple  |seq     |bram    |dsp     |
+---------------------------------------------------------------------------------------------------------+
|top                                 |radar_top_auto |4318   |2980    |1238    |610     |2       |5       |
|  u_radar_top                       |radar_top      |3986   |2787    |1169    |440     |0       |5       |
|    u_hc_sr04                       |HC_SR04        |239    |202     |37      |43      |0       |0       |
|    u_sg90                          |sg90           |203    |162     |32      |43      |0       |1       |
|    u_uart_rx                       |uart_rx        |98     |91      |7       |45      |0       |0       |
|    u_uart_tx                       |uart_tx        |64     |57      |7       |40      |0       |0       |
|  cw_top                            |CW_TOP_WRAPPER |332    |193     |69      |165     |0       |0       |
|    wrapper_cwc_top                 |cwc_top        |332    |193     |69      |165     |0       |0       |
|      cfg_int_inst                  |cwc_cfg_int    |88     |30      |0       |87      |0       |0       |
|        reg_inst                    |register       |86     |28      |0       |85      |0       |0       |
|        tap_inst                    |tap            |2      |2       |0       |2       |0       |0       |
|      trigger_inst                  |trigger        |244    |163     |69      |78      |0       |0       |
|        bus_inst                    |bus_top        |2      |2       |0       |2       |0       |0       |
|          BUS_DETECTOR[1]$bus_nodes |bus_det        |2      |2       |0       |2       |0       |0       |
|        emb_ctrl_inst               |emb_ctrl       |145    |108     |37      |53      |0       |0       |
+---------------------------------------------------------------------------------------------------------+


DataNet Average Fanout:

   Index     Fanout     Nets  
    #1          1       2622  
    #2          2       566   
    #3          3       676   
    #4          4       205   
    #5        5-10      275   
    #6        11-50     105   
    #7       51-100      7    
    #8       101-500     1    
  Average     2.57            

RUN-1002 : start command "export_db DaChuang_pr.db"
RUN-1001 : Exported /
RUN-1001 : Exported flow parameters
RUN-1001 : Exported libs
RUN-1001 : Exported entities
RUN-1001 : Exported ports
RUN-1001 : Exported pins
RUN-1001 : Exported instances
RUN-1001 : Exported nets
RUN-1001 : Exported buses
RUN-1001 : Exported models
RUN-1001 : Exported congestions
RUN-1001 : Exported violations
RUN-1001 : Exported IO constraints
RUN-1001 : Exported Inst constraints
RUN-1001 : Exported ChipWatcher
RUN-1002 : start command "export_bid DaChuang_inst.bid"
PRG-1000 : <!-- HMAC is: b6ba63cc1a8ba5c91eaa5f47bc46f0451d34406fd6f2325a574db9157bd3d0be -->
RUN-1002 : start command "bitgen -bit DaChuang.bit"
BIT-1003 : Start to generate bitstream. 
BIT-1002 : Init instances with 20 threads.
BIT-1002 : Init instances completely, inst num: 2204
BIT-1002 : Init pips with 20 threads.
BIT-1002 : Init pips completely, net num: 4468, pip num: 35787
BIT-1002 : Init feedthrough completely, num: 4
BIT-1003 : Multithreading accelaration with 20 threads.
BIT-1003 : Generate bitstream completely, there are 1613 valid insts, and 122518 bits set as '1'.
BIT-1004 : the usercode register value: 00000000111001110111011000101011
BIT-1004 : PLL setting string = 0000
BIT-1004 : Generate bits file DaChuang.bit.
RUN-1003 : finish command "bitgen -bit DaChuang.bit" in  4.173481s wall, 38.265625s user + 0.125000s system = 38.390625s CPU (919.9%)

RUN-1004 : used memory is 552 MB, reserved memory is 542 MB, peak memory is 767 MB
RUN-1002 : start command "backup_run_log run.log ../.logs/phy_1/td_20260202_141309.log"
RUN-1001 : Backing up run's log file succeed.
